157.230.90.105 - - [08/Dec/2020:00:31:03 +0000] "POST /wp-load.php?pubkey=f4f6ff0ad91cceac9087b324018e7051&bvTime=1607387459&bvVersion=0.1&bvMethod=getdata&sha1=true&sig=230b124c74223ab55cef6fdbf7c741b47f543db5 HTTP/1.0" 200 1959 "-" "Mozilla/5.0 (Windows NT 6.1) AppleWebKit/537.36 (KHTML, like Gecko) Chrome/41.0.2228.0 Safari/537.36"
45.150.206.103 - - [08/Dec/2020:00:40:30 +0000] "GET / HTTP/1.1" 200 8257 "-" "Mozilla/5.0 (Windows NT 10.0; Win64; x64; rv:52.0) Gecko/20100101 Firefox/52.0"
161.35.125.81 - - [08/Dec/2020:00:46:08 +0000] "POST /wp-load.php?pubkey=f4f6ff0ad91cceac9087b324018e7051&bvTime=1607388359&bvVersion=0.1&bvMethod=getdata&sha1=true&sig=fbac3b54af455c45cc2916bc8abf58fcf7842c0a HTTP/1.0" 200 2181 "-" "Mozilla/5.0 (Windows NT 6.1) AppleWebKit/537.36 (KHTML, like Gecko) Chrome/41.0.2228.0 Safari/537.36"
45.63.11.110 - - [08/Dec/2020:00:52:18 +0000] "POST /wp-load.php?pubkey=f4f6ff0ad91cceac9087b324018e7051&bvTime=1607388738&bvVersion=0.1&bvMethod=dummyping&sha1=true&sig=b90ba937493e617c4dce6b17e1cc57f9e6a17752 HTTP/1.0" 200 1133 "https://wordpress-514809-1634392.cloudwaysapps.com/" "Mozilla/5.0 (Windows NT 10.0; Win64; x64) AppleWebKit/537.36 (KHTML, like Gecko) Chrome/77.0.3865.120 Safari/537.36"
104.236.42.153 - - [08/Dec/2020:00:52:19 +0000] "POST /wp-load.php?pubkey=f4f6ff0ad91cceac9087b324018e7051&bvTime=1607388738&bvVersion=0.1&bvMethod=activateinfo&sha1=true&sig=a3eb871d575bf63e91f6963af5625bfbbb740f2e HTTP/1.0" 200 1765 "https://wordpress-514809-1634392.cloudwaysapps.com/" "Mozilla/5.0 (Windows NT 10.0; Win64; x64) AppleWebKit/537.36 (KHTML, like Gecko) Chrome/77.0.3865.120 Safari/537.36"
45.77.217.4 - - [08/Dec/2020:00:52:19 +0000] "POST /wp-load.php?pubkey=f4f6ff0ad91cceac9087b324018e7051&bvTime=1607388739&bvVersion=0.1&bvMethod=gthost&sha1=true&sig=dfb970adde1501118b8a1f067cd720900f432477 HTTP/1.0" 200 2589 "https://wordpress-514809-1634392.cloudwaysapps.com/" "Mozilla/5.0 (Windows NT 10.0; Win64; x64) AppleWebKit/537.36 (KHTML, like Gecko) Chrome/77.0.3865.120 Safari/537.36"
144.202.0.171 - - [08/Dec/2020:00:52:20 +0000] "POST /wp-load.php?pubkey=f4f6ff0ad91cceac9087b324018e7051&bvTime=1607388740&bvVersion=0.1&bvMethod=updt&sha1=true&sig=5cc9a0369f126158ebf50b8224ae494a52731752 HTTP/1.0" 200 918 "https://wordpress-514809-1634392.cloudwaysapps.com/" "Mozilla/5.0 (Windows NT 10.0; Win64; x64) AppleWebKit/537.36 (KHTML, like Gecko) Chrome/77.0.3865.120 Safari/537.36"
134.122.108.28 - - [08/Dec/2020:00:52:20 +0000] "POST /wp-load.php?pubkey=f4f6ff0ad91cceac9087b324018e7051&bvTime=1607388740&bvVersion=0.1&bvMethod=getoption&sha1=true&sig=61496f741aa4210f3b96f1623feb7213f4164171 HTTP/1.0" 200 944 "https://wordpress-514809-1634392.cloudwaysapps.com/" "Mozilla/5.0 (Windows NT 10.0; Win64; x64) AppleWebKit/537.36 (KHTML, like Gecko) Chrome/77.0.3865.120 Safari/537.36"
45.77.97.238 - - [08/Dec/2020:00:52:21 +0000] "POST /wp-load.php?pubkey=f4f6ff0ad91cceac9087b324018e7051&bvTime=1607388740&bvVersion=0.1&bvMethod=updtapikey&sha1=true&sig=ac00d8bf544af338d41599379b86db77482a1894 HTTP/1.0" 200 954 "https://wordpress-514809-1634392.cloudwaysapps.com/" "Mozilla/5.0 (Windows NT 10.0; Win64; x64) AppleWebKit/537.36 (KHTML, like Gecko) Chrome/77.0.3865.120 Safari/537.36"
45.77.217.4 - - [08/Dec/2020:00:52:21 +0000] "POST /wp-load.php?pubkey=f4f6ff0ad91cceac9087b324018e7051&bvTime=1607388741&bvVersion=0.1&bvMethod=getoption&sha1=true&sig=ec98c5cced1cd519ac3e091a2f5d607081f910a9 HTTP/1.0" 200 915 "https://wordpress-514809-1634392.cloudwaysapps.com/" "Mozilla/5.0 (Windows NT 10.0; Win64; x64) AppleWebKit/537.36 (KHTML, like Gecko) Chrome/77.0.3865.120 Safari/537.36"
134.209.217.222 - - [08/Dec/2020:00:52:25 +0000] "POST /wp-load.php?pubkey=f4f6ff0ad91cceac9087b324018e7051&bvTime=1607388742&bvVersion=0.1&bvMethod=gtwp&sha1=true&sig=1f59c37bfc06f05aa15d4e44fd8ac0978565ee8c HTTP/1.0" 200 1684 "https://wordpress-514809-1634392.cloudwaysapps.com/" "Mozilla/5.0 (Windows NT 10.0; Win64; x64) AppleWebKit/537.36 (KHTML, like Gecko) Chrome/77.0.3865.120 Safari/537.36"
143.110.167.147 - - [08/Dec/2020:00:52:26 +0000] "POST /wp-load.php?pubkey=f4f6ff0ad91cceac9087b324018e7051&bvTime=1607388745&bvVersion=0.1&bvMethod=dummyping&sha1=true&sig=d7a1176cfe8801bcf01992a38425b67f07e6b8f4 HTTP/1.0" 200 1131 "https://wordpress-514809-1634392.cloudwaysapps.com/" "Mozilla/5.0 (Windows NT 10.0; Win64; x64) AppleWebKit/537.36 (KHTML, like Gecko) Chrome/77.0.3865.120 Safari/537.36"
149.28.34.152 - - [08/Dec/2020:00:52:26 +0000] "POST /wp-load.php?pubkey=f4f6ff0ad91cceac9087b324018e7051&bvTime=1607388746&bvVersion=0.1&bvMethod=gtipprobeinfo&sha1=true&sig=e0837c1096d0611b9a603a060dc7b31560185988 HTTP/1.0" 200 1036 "https://wordpress-514809-1634392.cloudwaysapps.com/" "Mozilla/5.0 (Windows NT 10.0; Win64; x64) AppleWebKit/537.36 (KHTML, like Gecko) Chrome/77.0.3865.120 Safari/537.36"
173.199.118.125 - - [08/Dec/2020:00:52:27 +0000] "POST /wp-load.php?pubkey=f4f6ff0ad91cceac9087b324018e7051&bvTime=1607388746&bvVersion=0.1&bvMethod=svrcnf&sha1=true&sig=4754ead7d3727311b4fe8a9dcffa7e65df36a629 HTTP/1.0" 200 1076 "https://wordpress-514809-1634392.cloudwaysapps.com/" "Mozilla/5.0 (Windows NT 10.0; Win64; x64) AppleWebKit/537.36 (KHTML, like Gecko) Chrome/77.0.3865.120 Safari/537.36"
149.28.224.205 - - [08/Dec/2020:00:52:27 +0000] "POST /wp-load.php?pubkey=f4f6ff0ad91cceac9087b324018e7051&bvTime=1607388747&bvVersion=0.1&bvMethod=gtfilescntent&sha1=true&sig=9b095403f996c279505a391051db2cc0a83b5250 HTTP/1.0" 200 1425 "https://wordpress-514809-1634392.cloudwaysapps.com/" "Mozilla/5.0 (Windows NT 10.0; Win64; x64) AppleWebKit/537.36 (KHTML, like Gecko) Chrome/77.0.3865.120 Safari/537.36"
143.110.167.147 - - [08/Dec/2020:00:52:28 +0000] "POST /wp-load.php?pubkey=f4f6ff0ad91cceac9087b324018e7051&bvTime=1607388747&bvVersion=0.1&bvMethod=gtfilescntent&sha1=true&sig=9b095403f996c279505a391051db2cc0a83b5250 HTTP/1.0" 200 1604 "https://wordpress-514809-1634392.cloudwaysapps.com/" "Mozilla/5.0 (Windows NT 10.0; Win64; x64) AppleWebKit/537.36 (KHTML, like Gecko) Chrome/77.0.3865.120 Safari/537.36"
45.77.97.238 - - [08/Dec/2020:00:52:28 +0000] "POST /wp-load.php?pubkey=f4f6ff0ad91cceac9087b324018e7051&bvTime=1607388748&bvVersion=0.1&bvMethod=gtfilescntent&sha1=true&sig=2e0afc484c318fff6395a1965c6ba04d8fc3658f HTTP/1.0" 200 996 "https://wordpress-514809-1634392.cloudwaysapps.com/" "Mozilla/5.0 (Windows NT 10.0; Win64; x64) AppleWebKit/537.36 (KHTML, like Gecko) Chrome/77.0.3865.120 Safari/537.36"
134.209.217.222 - - [08/Dec/2020:00:52:30 +0000] "POST /wp-load.php?pubkey=f4f6ff0ad91cceac9087b324018e7051&bvTime=1607388748&bvVersion=0.1&bvMethod=gtfilescntent&sha1=true&sig=2e0afc484c318fff6395a1965c6ba04d8fc3658f HTTP/1.0" 200 996 "https://wordpress-514809-1634392.cloudwaysapps.com/" "Mozilla/5.0 (Windows NT 10.0; Win64; x64) AppleWebKit/537.36 (KHTML, like Gecko) Chrome/77.0.3865.120 Safari/537.36"
67.205.157.229 - - [08/Dec/2020:00:52:31 +0000] "POST /wp-load.php?pubkey=f4f6ff0ad91cceac9087b324018e7051&bvTime=1607388750&bvVersion=0.1&bvMethod=dirsexists&sha1=true&sig=fe335543a5246495368fd109be099df4dfa0ab3b HTTP/1.0" 200 953 "https://wordpress-514809-1634392.cloudwaysapps.com/" "Mozilla/5.0 (Windows NT 10.0; Win64; x64) AppleWebKit/537.36 (KHTML, like Gecko) Chrome/77.0.3865.120 Safari/537.36"
157.230.90.105 - - [08/Dec/2020:00:52:31 +0000] "POST /wp-load.php?pubkey=f4f6ff0ad91cceac9087b324018e7051&bvTime=1607388751&bvVersion=0.1&bvMethod=tblexists&sha1=true&sig=2d1e3640896c2a10bfbd653a4248f7ffe05033fd HTTP/1.0" 200 918 "https://wordpress-514809-1634392.cloudwaysapps.com/" "Mozilla/5.0 (Windows NT 10.0; Win64; x64) AppleWebKit/537.36 (KHTML, like Gecko) Chrome/77.0.3865.120 Safari/537.36"
161.35.95.45 - - [08/Dec/2020:00:52:32 +0000] "POST /wp-load.php?pubkey=f4f6ff0ad91cceac9087b324018e7051&bvTime=1607388751&bvVersion=0.1&bvMethod=trttbl&sha1=true&sig=f5bb91c81dc8a2e04bb82c6504c2bbfb472beb61 HTTP/1.0" 200 909 "https://wordpress-514809-1634392.cloudwaysapps.com/" "Mozilla/5.0 (Windows NT 10.0; Win64; x64) AppleWebKit/537.36 (KHTML, like Gecko) Chrome/77.0.3865.120 Safari/537.36"
134.209.125.7 - - [08/Dec/2020:00:52:32 +0000] "POST /wp-load.php?pubkey=f4f6ff0ad91cceac9087b324018e7051&bvTime=1607388752&bvVersion=0.1&bvMethod=tblexists&sha1=true&sig=3536ec8e6e33cd7c98795caadd63360a706134eb HTTP/1.0" 200 915 "https://wordpress-514809-1634392.cloudwaysapps.com/" "Mozilla/5.0 (Windows NT 10.0; Win64; x64) AppleWebKit/537.36 (KHTML, like Gecko) Chrome/77.0.3865.120 Safari/537.36"
67.205.157.229 - - [08/Dec/2020:00:52:33 +0000] "POST /wp-load.php?pubkey=f4f6ff0ad91cceac9087b324018e7051&bvTime=1607388752&bvVersion=0.1&bvMethod=trttbl&sha1=true&sig=459db9c6a0cad749b866a2c5a6f7cb0d3f86dc89 HTTP/1.0" 200 911 "https://wordpress-514809-1634392.cloudwaysapps.com/" "Mozilla/5.0 (Windows NT 10.0; Win64; x64) AppleWebKit/537.36 (KHTML, like Gecko) Chrome/77.0.3865.120 Safari/537.36"
208.167.239.133 - - [08/Dec/2020:00:52:34 +0000] "POST /wp-load.php?pubkey=f4f6ff0ad91cceac9087b324018e7051&bvTime=1607388753&bvVersion=0.1&bvMethod=tblexists&sha1=true&sig=86818ab1b9d2a056d61047205a0db56cdb5caca0 HTTP/1.0" 200 916 "https://wordpress-514809-1634392.cloudwaysapps.com/" "Mozilla/5.0 (Windows NT 10.0; Win64; x64) AppleWebKit/537.36 (KHTML, like Gecko) Chrome/77.0.3865.120 Safari/537.36"
173.199.118.125 - - [08/Dec/2020:00:52:35 +0000] "POST /wp-load.php?pubkey=f4f6ff0ad91cceac9087b324018e7051&bvTime=1607388754&bvVersion=0.1&bvMethod=ipstrinfo&sha1=true&sig=eba487a0cbcc5a2eec32e3e8a4ac64f92e4ea852 HTTP/1.0" 200 1041 "https://wordpress-514809-1634392.cloudwaysapps.com/" "Mozilla/5.0 (Windows NT 10.0; Win64; x64) AppleWebKit/537.36 (KHTML, like Gecko) Chrome/77.0.3865.120 Safari/537.36"
142.93.192.146 - - [08/Dec/2020:00:52:36 +0000] "POST /wp-load.php?pubkey=f4f6ff0ad91cceac9087b324018e7051&bvTime=1607388755&bvVersion=0.1&bvMethod=wrtfle&sha1=true&sig=ab66967153eb01f2958d29ad697ccd87595b6843 HTTP/1.0" 200 938 "https://wordpress-514809-1634392.cloudwaysapps.com/" "Mozilla/5.0 (Windows NT 10.0; Win64; x64) AppleWebKit/537.36 (KHTML, like Gecko) Chrome/77.0.3865.120 Safari/537.36"
208.167.239.133 - - [08/Dec/2020:00:52:37 +0000] "POST /wp-load.php?pubkey=f4f6ff0ad91cceac9087b324018e7051&bvTime=1607388756&bvVersion=0.1&bvMethod=rmfle&sha1=true&sig=78865254e8909a2ba2b593f4aea3ec1a1fb768ec HTTP/1.0" 200 989 "https://wordpress-514809-1634392.cloudwaysapps.com/" "Mozilla/5.0 (Windows NT 10.0; Win64; x64) AppleWebKit/537.36 (KHTML, like Gecko) Chrome/77.0.3865.120 Safari/537.36"
149.28.34.152 - - [08/Dec/2020:00:52:38 +0000] "POST /wp-load.php?pubkey=f4f6ff0ad91cceac9087b324018e7051&bvTime=1607388757&bvVersion=0.1&bvMethod=wrtfle&sha1=true&sig=060fa8912587359ef546a0f536e2e7beb931e196 HTTP/1.0" 200 929 "https://wordpress-514809-1634392.cloudwaysapps.com/" "Mozilla/5.0 (Windows NT 10.0; Win64; x64) AppleWebKit/537.36 (KHTML, like Gecko) Chrome/77.0.3865.120 Safari/537.36"
134.209.125.7 - - [08/Dec/2020:00:52:39 +0000] "POST /wp-load.php?pubkey=f4f6ff0ad91cceac9087b324018e7051&bvTime=1607388758&bvVersion=0.1&bvMethod=renmefle&sha1=true&sig=62e4908ca5ce7cafe7962e4062fb0f4384fa75d8 HTTP/1.0" 200 1059 "https://wordpress-514809-1634392.cloudwaysapps.com/" "Mozilla/5.0 (Windows NT 10.0; Win64; x64) AppleWebKit/537.36 (KHTML, like Gecko) Chrome/77.0.3865.120 Safari/537.36"
45.77.97.238 - - [08/Dec/2020:00:52:39 +0000] "POST /wp-load.php?pubkey=f4f6ff0ad91cceac9087b324018e7051&bvTime=1607388759&bvVersion=0.1&bvMethod=wrtfle&sha1=true&sig=9716ca8738a2bfe46e3dd3d89039339d0651b9c8 HTTP/1.0" 200 940 "https://wordpress-514809-1634392.cloudwaysapps.com/" "Mozilla/5.0 (Windows NT 10.0; Win64; x64) AppleWebKit/537.36 (KHTML, like Gecko) Chrome/77.0.3865.120 Safari/537.36"
142.93.250.203 - - [08/Dec/2020:00:52:42 +0000] "POST /wp-load.php?pubkey=f4f6ff0ad91cceac9087b324018e7051&bvTime=1607388761&bvVersion=0.1&bvMethod=renmefle&sha1=true&sig=2e3b061ade215e3b674d1d4e1b98299fbec7c952 HTTP/1.0" 200 1041 "https://wordpress-514809-1634392.cloudwaysapps.com/" "Mozilla/5.0 (Windows NT 10.0; Win64; x64) AppleWebKit/537.36 (KHTML, like Gecko) Chrome/77.0.3865.120 Safari/537.36"
161.35.95.45 - - [08/Dec/2020:00:52:43 +0000] "POST /wp-load.php?pubkey=f4f6ff0ad91cceac9087b324018e7051&bvTime=1607388762&bvVersion=0.1&bvMethod=gtptcnf&sha1=true&sig=41c650107f5b25d5d2a7028c912925368f66d913 HTTP/1.0" 200 1313 "https://wordpress-514809-1634392.cloudwaysapps.com/" "Mozilla/5.0 (Windows NT 10.0; Win64; x64) AppleWebKit/537.36 (KHTML, like Gecko) Chrome/77.0.3865.120 Safari/537.36"
45.77.217.4 - - [08/Dec/2020:00:52:43 +0000] "POST /wp-load.php?pubkey=f4f6ff0ad91cceac9087b324018e7051&bvTime=1607388763&bvVersion=0.1&bvMethod=setptplug&sha1=true&sig=576f4c255fd11f860a0677cefbd0407868d5ef6f HTTP/1.0" 200 914 "https://wordpress-514809-1634392.cloudwaysapps.com/" "Mozilla/5.0 (Windows NT 10.0; Win64; x64) AppleWebKit/537.36 (KHTML, like Gecko) Chrome/77.0.3865.120 Safari/537.36"
104.248.120.110 - - [08/Dec/2020:01:02:13 +0000] "POST /wp-load.php?pubkey=f4f6ff0ad91cceac9087b324018e7051&bvTime=1607389331&bvVersion=0.1&bvMethod=getdata&sha1=true&sig=1a06d6bf9610448048b6264b6992cc0bcab2889c HTTP/1.0" 200 7236 "-" "Mozilla/5.0 (Windows NT 6.1) AppleWebKit/537.36 (KHTML, like Gecko) Chrome/41.0.2228.0 Safari/537.36"
208.167.239.133 - - [08/Dec/2020:01:17:17 +0000] "POST /wp-load.php?pubkey=f4f6ff0ad91cceac9087b324018e7051&bvTime=1607390228&bvVersion=0.1&bvMethod=getdata&sha1=true&sig=42eb0eb0174fc2c30027ca151b58cde9c352ef6a HTTP/1.0" 200 1959 "-" "Mozilla/5.0 (Windows NT 6.1) AppleWebKit/537.36 (KHTML, like Gecko) Chrome/41.0.2228.0 Safari/537.36"
134.122.108.28 - - [08/Dec/2020:01:32:35 +0000] "POST /wp-load.php?pubkey=f4f6ff0ad91cceac9087b324018e7051&bvTime=1607391144&bvVersion=0.1&bvMethod=getdata&sha1=true&sig=4ee7e695f2be80e788e00b503128a06a21318f07 HTTP/1.0" 200 1963 "-" "Mozilla/5.0 (Windows NT 6.1) AppleWebKit/537.36 (KHTML, like Gecko) Chrome/41.0.2228.0 Safari/537.36"
142.93.250.203 - - [08/Dec/2020:01:48:13 +0000] "POST /wp-load.php?pubkey=f4f6ff0ad91cceac9087b324018e7051&bvTime=1607392092&bvVersion=0.1&bvMethod=getdata&sha1=true&sig=918c7d17234b33dd61e2dd1d1e5af9317fb37457 HTTP/1.0" 200 1954 "-" "Mozilla/5.0 (Windows NT 6.1) AppleWebKit/537.36 (KHTML, like Gecko) Chrome/41.0.2228.0 Safari/537.36"
157.230.90.105 - - [08/Dec/2020:02:03:11 +0000] "POST /wp-load.php?pubkey=f4f6ff0ad91cceac9087b324018e7051&bvTime=1607392987&bvVersion=0.1&bvMethod=getdata&sha1=true&sig=6001271dec76ebd8c14790dd17d8c79f1d94968e HTTP/1.0" 200 1945 "-" "Mozilla/5.0 (Windows NT 6.1) AppleWebKit/537.36 (KHTML, like Gecko) Chrome/41.0.2228.0 Safari/537.36"
173.199.118.125 - - [08/Dec/2020:02:17:47 +0000] "POST /wp-load.php?pubkey=f4f6ff0ad91cceac9087b324018e7051&bvTime=1607393866&bvVersion=0.1&bvMethod=getdata&sha1=true&sig=3afc8e340aefaa5607f44cde432f2bf5c4330b92 HTTP/1.0" 200 1949 "-" "Mozilla/5.0 (Windows NT 6.1) AppleWebKit/537.36 (KHTML, like Gecko) Chrome/41.0.2228.0 Safari/537.36"
159.89.236.13 - - [08/Dec/2020:02:32:51 +0000] "POST /wp-load.php?pubkey=f4f6ff0ad91cceac9087b324018e7051&bvTime=1607394764&bvVersion=0.1&bvMethod=getdata&sha1=true&sig=5a0013e371f1e56aec6b1d7be69fc945755bca9f HTTP/1.0" 200 1963 "-" "Mozilla/5.0 (Windows NT 6.1) AppleWebKit/537.36 (KHTML, like Gecko) Chrome/41.0.2228.0 Safari/537.36"
67.205.157.229 - - [08/Dec/2020:02:47:56 +0000] "POST /wp-load.php?pubkey=f4f6ff0ad91cceac9087b324018e7051&bvTime=1607395673&bvVersion=0.1&bvMethod=getdata&sha1=true&sig=de33830aec1c80877c91845c016df536fe2ec825 HTTP/1.0" 200 1976 "-" "Mozilla/5.0 (Windows NT 6.1) AppleWebKit/537.36 (KHTML, like Gecko) Chrome/41.0.2228.0 Safari/537.36"
149.28.224.205 - - [08/Dec/2020:03:03:08 +0000] "POST /wp-load.php?pubkey=f4f6ff0ad91cceac9087b324018e7051&bvTime=1607396585&bvVersion=0.1&bvMethod=getdata&sha1=true&sig=8fd0b5cf91484a85717d186abc7aa665b0127390 HTTP/1.0" 200 1951 "-" "Mozilla/5.0 (Windows NT 6.1) AppleWebKit/537.36 (KHTML, like Gecko) Chrome/41.0.2228.0 Safari/537.36"
149.28.34.152 - - [08/Dec/2020:03:18:54 +0000] "POST /wp-load.php?pubkey=f4f6ff0ad91cceac9087b324018e7051&bvTime=1607397525&bvVersion=0.1&bvMethod=getdata&sha1=true&sig=486d70457e563edb77e52ae7043fac41b5e2843f HTTP/1.0" 200 1950 "-" "Mozilla/5.0 (Windows NT 6.1) AppleWebKit/537.36 (KHTML, like Gecko) Chrome/41.0.2228.0 Safari/537.36"
159.89.236.13 - - [08/Dec/2020:03:34:33 +0000] "POST /wp-load.php?pubkey=f4f6ff0ad91cceac9087b324018e7051&bvTime=1607398466&bvVersion=0.1&bvMethod=getdata&sha1=true&sig=840811c46717ad9ab67b7f77c94da003d55818eb HTTP/1.0" 200 1970 "-" "Mozilla/5.0 (Windows NT 6.1) AppleWebKit/537.36 (KHTML, like Gecko) Chrome/41.0.2228.0 Safari/537.36"
134.122.108.28 - - [08/Dec/2020:03:49:42 +0000] "POST /wp-load.php?pubkey=f4f6ff0ad91cceac9087b324018e7051&bvTime=1607399378&bvVersion=0.1&bvMethod=getdata&sha1=true&sig=b4d3c006a48fefe74fe255069412fd8fa07b5255 HTTP/1.0" 200 1975 "-" "Mozilla/5.0 (Windows NT 6.1) AppleWebKit/537.36 (KHTML, like Gecko) Chrome/41.0.2228.0 Safari/537.36"
73.22.245.92 - - [08/Dec/2020:03:59:07 +0000] "GET /wp-content/themes/twentytwenty/assets/fonts/inter/Inter-upright-var.woff2 HTTP/1.1" 200 224101 "http://wordpress-514809-1634392.cloudwaysapps.com/wp-content/themes/twentytwenty/style.css?ver=1.2" "Mozilla/5.0 (Macintosh; Intel Mac OS X 10_12_6) AppleWebKit/537.36 (KHTML, like Gecko) Chrome/86.0.4240.198 Safari/537.36"
134.122.108.28 - - [08/Dec/2020:04:04:57 +0000] "POST /wp-load.php?pubkey=f4f6ff0ad91cceac9087b324018e7051&bvTime=1607400288&bvVersion=0.1&bvMethod=getdata&sha1=true&sig=78f45db8c2af16fa3531d33b43ed09e52213752c HTTP/1.0" 200 1954 "-" "Mozilla/5.0 (Windows NT 6.1) AppleWebKit/537.36 (KHTML, like Gecko) Chrome/41.0.2228.0 Safari/537.36"
46.244.74.98 - - [08/Dec/2020:04:07:52 +0000] "GET / HTTP/1.1" 200 8262 "-" "Mozilla/5.0 (Windows NT 10.0; WOW64) AppleWebKit/537.36 (KHTML, like Gecko) Chrome/52.0.2743.116 Safari/537.36"
208.167.242.228 - - [08/Dec/2020:04:20:13 +0000] "POST /wp-load.php?pubkey=f4f6ff0ad91cceac9087b324018e7051&bvTime=1607401205&bvVersion=0.1&bvMethod=getdata&sha1=true&sig=7e1acae8852136144ef64813e39175f0c728e0af HTTP/1.0" 200 2227 "-" "Mozilla/5.0 (Windows NT 6.1) AppleWebKit/537.36 (KHTML, like Gecko) Chrome/41.0.2228.0 Safari/537.36"
134.209.125.7 - - [08/Dec/2020:04:36:31 +0000] "POST /wp-load.php?pubkey=f4f6ff0ad91cceac9087b324018e7051&bvTime=1607402181&bvVersion=0.1&bvMethod=getdata&sha1=true&sig=c4502c7ed999323691994974189bc0e4e4ec7f48 HTTP/1.0" 200 1960 "-" "Mozilla/5.0 (Windows NT 6.1) AppleWebKit/537.36 (KHTML, like Gecko) Chrome/41.0.2228.0 Safari/537.36"
208.167.242.228 - - [08/Dec/2020:04:52:04 +0000] "POST /wp-load.php?pubkey=f4f6ff0ad91cceac9087b324018e7051&bvTime=1607403116&bvVersion=0.1&bvMethod=getdata&sha1=true&sig=4ba48027c01ba692aab4ba99a227a8841185f69f HTTP/1.0" 200 1977 "-" "Mozilla/5.0 (Windows NT 6.1) AppleWebKit/537.36 (KHTML, like Gecko) Chrome/41.0.2228.0 Safari/537.36"
207.246.90.100 - - [08/Dec/2020:05:06:50 +0000] "POST /wp-load.php?pubkey=f4f6ff0ad91cceac9087b324018e7051&bvTime=1607404008&bvVersion=0.1&bvMethod=getdata&sha1=true&sig=8d360ffa3a3150d2fd4a5e690184ea9a15594b5b HTTP/1.0" 200 1961 "-" "Mozilla/5.0 (Windows NT 6.1) AppleWebKit/537.36 (KHTML, like Gecko) Chrome/41.0.2228.0 Safari/537.36"
134.209.217.222 - - [08/Dec/2020:05:21:53 +0000] "POST /wp-load.php?pubkey=f4f6ff0ad91cceac9087b324018e7051&bvTime=1607404907&bvVersion=0.1&bvMethod=getdata&sha1=true&sig=cc6a8abb403b16d61c49a5d2ce523508c20d7893 HTTP/1.0" 200 1952 "-" "Mozilla/5.0 (Windows NT 6.1) AppleWebKit/537.36 (KHTML, like Gecko) Chrome/41.0.2228.0 Safari/537.36"
157.230.90.105 - - [08/Dec/2020:05:36:33 +0000] "POST /wp-load.php?pubkey=f4f6ff0ad91cceac9087b324018e7051&bvTime=1607405791&bvVersion=0.1&bvMethod=getdata&sha1=true&sig=128ac67eaa878699100678adae472d56c220ee8a HTTP/1.0" 200 1959 "-" "Mozilla/5.0 (Windows NT 6.1) AppleWebKit/537.36 (KHTML, like Gecko) Chrome/41.0.2228.0 Safari/537.36"
207.246.90.100 - - [08/Dec/2020:05:51:42 +0000] "POST /wp-load.php?pubkey=f4f6ff0ad91cceac9087b324018e7051&bvTime=1607406699&bvVersion=0.1&bvMethod=getdata&sha1=true&sig=5034d36234f79eb7ac3035c0f7d9cfcdd130984f HTTP/1.0" 200 1952 "-" "Mozilla/5.0 (Windows NT 6.1) AppleWebKit/537.36 (KHTML, like Gecko) Chrome/41.0.2228.0 Safari/537.36"
142.93.250.203 - - [08/Dec/2020:06:08:09 +0000] "POST /wp-load.php?pubkey=f4f6ff0ad91cceac9087b324018e7051&bvTime=1607407681&bvVersion=0.1&bvMethod=getdata&sha1=true&sig=6216d7aaa8e1a7bed4c32c754528d348266f15fb HTTP/1.0" 200 1952 "-" "Mozilla/5.0 (Windows NT 6.1) AppleWebKit/537.36 (KHTML, like Gecko) Chrome/41.0.2228.0 Safari/537.36"
45.77.97.238 - - [08/Dec/2020:06:23:14 +0000] "POST /wp-load.php?pubkey=f4f6ff0ad91cceac9087b324018e7051&bvTime=1607408589&bvVersion=0.1&bvMethod=getdata&sha1=true&sig=dcf96c4a2ba146ec2c81cf7ccd65c3542343814e HTTP/1.0" 200 1949 "-" "Mozilla/5.0 (Windows NT 6.1) AppleWebKit/537.36 (KHTML, like Gecko) Chrome/41.0.2228.0 Safari/537.36"
178.73.215.171 - - [08/Dec/2020:06:24:30 +0000] "GET / HTTP/1.1" 200 8257 "-" "-"
45.63.11.110 - - [08/Dec/2020:06:38:19 +0000] "POST /wp-load.php?pubkey=f4f6ff0ad91cceac9087b324018e7051&bvTime=1607409495&bvVersion=0.1&bvMethod=getdata&sha1=true&sig=45b2272b602d5596e78786df55f4bf439ba387e5 HTTP/1.0" 200 2185 "-" "Mozilla/5.0 (Windows NT 6.1) AppleWebKit/537.36 (KHTML, like Gecko) Chrome/41.0.2228.0 Safari/537.36"
208.167.242.228 - - [08/Dec/2020:06:52:57 +0000] "POST /wp-load.php?pubkey=f4f6ff0ad91cceac9087b324018e7051&bvTime=1607410375&bvVersion=0.1&bvMethod=getdata&sha1=true&sig=504ad16a5e1eeb3abe3562c6c80826357e203a26 HTTP/1.0" 200 1956 "-" "Mozilla/5.0 (Windows NT 6.1) AppleWebKit/537.36 (KHTML, like Gecko) Chrome/41.0.2228.0 Safari/537.36"
209.17.96.194 - - [08/Dec/2020:06:54:39 +0000] "GET / HTTP/1.1" 200 8262 "-" "Mozilla/5.0 (compatible; Nimbostratus-Bot/v1.3.2; http://cloudsystemnetworks.com)"
134.209.217.222 - - [08/Dec/2020:07:07:43 +0000] "POST /wp-load.php?pubkey=f4f6ff0ad91cceac9087b324018e7051&bvTime=1607411261&bvVersion=0.1&bvMethod=getdata&sha1=true&sig=8ba01126d7a6988ec7ca194e42a32af43e5ff710 HTTP/1.0" 200 2245 "-" "Mozilla/5.0 (Windows NT 6.1) AppleWebKit/537.36 (KHTML, like Gecko) Chrome/41.0.2228.0 Safari/537.36"
161.35.125.81 - - [08/Dec/2020:07:22:53 +0000] "POST /wp-load.php?pubkey=f4f6ff0ad91cceac9087b324018e7051&bvTime=1607412171&bvVersion=0.1&bvMethod=getdata&sha1=true&sig=d22e7d64ad8bf8a2d12543dc050a85b118abb7c4 HTTP/1.0" 200 1960 "-" "Mozilla/5.0 (Windows NT 6.1) AppleWebKit/537.36 (KHTML, like Gecko) Chrome/41.0.2228.0 Safari/537.36"
45.63.14.190 - - [08/Dec/2020:07:37:58 +0000] "POST /wp-load.php?pubkey=f4f6ff0ad91cceac9087b324018e7051&bvTime=1607413070&bvVersion=0.1&bvMethod=getdata&sha1=true&sig=b73a0ce87173dd1096923f563f63566e9badfd56 HTTP/1.0" 200 1972 "-" "Mozilla/5.0 (Windows NT 6.1) AppleWebKit/537.36 (KHTML, like Gecko) Chrome/41.0.2228.0 Safari/537.36"
208.167.239.133 - - [08/Dec/2020:07:53:10 +0000] "POST /wp-load.php?pubkey=f4f6ff0ad91cceac9087b324018e7051&bvTime=1607413984&bvVersion=0.1&bvMethod=getdata&sha1=true&sig=cdbffd39920ccd6ee0caf825d30f47a88cae2f2f HTTP/1.0" 200 1951 "-" "Mozilla/5.0 (Windows NT 6.1) AppleWebKit/537.36 (KHTML, like Gecko) Chrome/41.0.2228.0 Safari/537.36"
149.28.34.152 - - [08/Dec/2020:08:08:14 +0000] "POST /wp-load.php?pubkey=f4f6ff0ad91cceac9087b324018e7051&bvTime=1607414887&bvVersion=0.1&bvMethod=getdata&sha1=true&sig=d280ac4558e3439693838f3a81aefb75d4520e37 HTTP/1.0" 200 1958 "-" "Mozilla/5.0 (Windows NT 6.1) AppleWebKit/537.36 (KHTML, like Gecko) Chrome/41.0.2228.0 Safari/537.36"
167.99.10.105 - - [08/Dec/2020:08:23:23 +0000] "POST /wp-load.php?pubkey=f4f6ff0ad91cceac9087b324018e7051&bvTime=1607415797&bvVersion=0.1&bvMethod=getdata&sha1=true&sig=369a047ad5a880df4d2123f757f5dc1b6d970d61 HTTP/1.0" 200 1971 "-" "Mozilla/5.0 (Windows NT 6.1) AppleWebKit/537.36 (KHTML, like Gecko) Chrome/41.0.2228.0 Safari/537.36"
134.122.108.28 - - [08/Dec/2020:08:38:34 +0000] "POST /wp-load.php?pubkey=f4f6ff0ad91cceac9087b324018e7051&bvTime=1607416708&bvVersion=0.1&bvMethod=getdata&sha1=true&sig=bdf5ded71eb6095e95eb92d5f5c7ec5bc5ee5b89 HTTP/1.0" 200 1973 "-" "Mozilla/5.0 (Windows NT 6.1) AppleWebKit/537.36 (KHTML, like Gecko) Chrome/41.0.2228.0 Safari/537.36"
134.209.125.7 - - [08/Dec/2020:08:53:46 +0000] "POST /wp-load.php?pubkey=f4f6ff0ad91cceac9087b324018e7051&bvTime=1607417626&bvVersion=0.1&bvMethod=getdata&sha1=true&sig=acbfa13609556aa5662ed1e0529c6626767384c8 HTTP/1.0" 200 1950 "-" "Mozilla/5.0 (Windows NT 6.1) AppleWebKit/537.36 (KHTML, like Gecko) Chrome/41.0.2228.0 Safari/537.36"
161.35.95.45 - - [08/Dec/2020:09:09:09 +0000] "POST /wp-load.php?pubkey=f4f6ff0ad91cceac9087b324018e7051&bvTime=1607418543&bvVersion=0.1&bvMethod=getdata&sha1=true&sig=f29a5d51b57ae40e60064c911ca8cc0482a8c223 HTTP/1.0" 200 1978 "-" "Mozilla/5.0 (Windows NT 6.1) AppleWebKit/537.36 (KHTML, like Gecko) Chrome/41.0.2228.0 Safari/537.36"
149.28.34.152 - - [08/Dec/2020:09:24:23 +0000] "POST /wp-load.php?pubkey=f4f6ff0ad91cceac9087b324018e7051&bvTime=1607419456&bvVersion=0.1&bvMethod=getdata&sha1=true&sig=b9e4fc832c95affe44177214453b800b2f9a35df HTTP/1.0" 200 1955 "-" "Mozilla/5.0 (Windows NT 6.1) AppleWebKit/537.36 (KHTML, like Gecko) Chrome/41.0.2228.0 Safari/537.36"
143.110.169.222 - - [08/Dec/2020:09:39:35 +0000] "POST /wp-load.php?pubkey=f4f6ff0ad91cceac9087b324018e7051&bvTime=1607420369&bvVersion=0.1&bvMethod=getdata&sha1=true&sig=967c4dd2824ed43f8b63241737ba1296766d9155 HTTP/1.0" 200 1971 "-" "Mozilla/5.0 (Windows NT 6.1) AppleWebKit/537.36 (KHTML, like Gecko) Chrome/41.0.2228.0 Safari/537.36"
45.63.14.190 - - [08/Dec/2020:09:54:51 +0000] "POST /wp-load.php?pubkey=f4f6ff0ad91cceac9087b324018e7051&bvTime=1607421288&bvVersion=0.1&bvMethod=getdata&sha1=true&sig=5daaa6b26756e3006d8195cb1bbcc9d41d841f24 HTTP/1.0" 200 1958 "-" "Mozilla/5.0 (Windows NT 6.1) AppleWebKit/537.36 (KHTML, like Gecko) Chrome/41.0.2228.0 Safari/537.36"
127.0.0.1 - - [08/Dec/2020:10:02:02 +0000] "POST /wp-cron.php?doing_wp_cron=1607421722.3694889545440673828125 HTTP/1.0" 200 259 "https://wordpress-514809-1634392.cloudwaysapps.com/wp-cron.php?doing_wp_cron=1607421722.3694889545440673828125" "WordPress/5.4.4; https://wordpress-514809-1634392.cloudwaysapps.com"
91.241.19.84 - - [08/Dec/2020:10:07:57 +0000] "POST /api/jsonws/invoke HTTP/1.0" 404 20833 "-" "Mozilla/5.0 (Windows NT 10.0; Win64; x64) AppleWebKit/537.36 (KHTML, like Gecko) Chrome/78.0.3904.108 Safari/537.36"
91.241.19.84 - - [08/Dec/2020:10:07:57 +0000] "POST /vendor/phpunit/phpunit/src/Util/PHP/eval-stdin.php HTTP/1.0" 404 20833 "-" "Mozilla/5.0 (Windows NT 10.0; Win64; x64) AppleWebKit/537.36 (KHTML, like Gecko) Chrome/78.0.3904.108 Safari/537.36"
91.241.19.84 - - [08/Dec/2020:10:07:58 +0000] "GET /?XDEBUG_SESSION_START=phpstorm HTTP/1.1" 200 8262 "-" "Mozilla/5.0 (Windows NT 10.0; Win64; x64) AppleWebKit/537.36 (KHTML, like Gecko) Chrome/78.0.3904.108 Safari/537.36"
91.241.19.84 - - [08/Dec/2020:10:07:58 +0000] "GET /solr/admin/info/system?wt=json HTTP/1.1" 404 20876 "-" "Mozilla/5.0 (Windows NT 10.0; Win64; x64) AppleWebKit/537.36 (KHTML, like Gecko) Chrome/78.0.3904.108 Safari/537.36"
91.241.19.84 - - [08/Dec/2020:10:08:00 +0000] "GET /index.php?s=/Index/\\think\\app/invokefunction&function=call_user_func_array&vars[0]=md5&vars[1][]=HelloThinkPHP21 HTTP/1.1" 200 5894 "-" "Mozilla/5.0 (Windows NT 10.0; Win64; x64) AppleWebKit/537.36 (KHTML, like Gecko) Chrome/78.0.3904.108 Safari/537.36"
91.241.19.84 - - [08/Dec/2020:10:08:00 +0000] "GET /wp-content/plugins/wp-file-manager/readme.txt HTTP/1.1" 404 20876 "-" "Mozilla/5.0 (Windows NT 10.0; Win64; x64) AppleWebKit/537.36 (KHTML, like Gecko) Chrome/78.0.3904.108 Safari/537.36"
91.241.19.84 - - [08/Dec/2020:10:08:00 +0000] "GET /vendor/phpunit/phpunit/src/Util/PHP/eval-stdin.php HTTP/1.1" 404 20871 "-" "Mozilla/5.0 (Windows NT 10.0; Win64; x64) AppleWebKit/537.36 (KHTML, like Gecko) Chrome/78.0.3904.108 Safari/537.36"
91.241.19.84 - - [08/Dec/2020:10:08:01 +0000] "GET /console/ HTTP/1.1" 404 20876 "-" "Mozilla/5.0 (Windows NT 10.0; Win64; x64) AppleWebKit/537.36 (KHTML, like Gecko) Chrome/78.0.3904.108 Safari/537.36"
91.241.19.84 - - [08/Dec/2020:10:08:01 +0000] "POST /Autodiscover/Autodiscover.xml HTTP/1.0" 404 20833 "-" "Mozilla/5.0 (Windows NT 10.0; Win64; x64) AppleWebKit/537.36 (KHTML, like Gecko) Chrome/78.0.3904.108 Safari/537.36"
91.241.19.84 - - [08/Dec/2020:10:08:01 +0000] "GET /?a=fetch&content=<php>die(@md5(HelloThinkCMF))</php> HTTP/1.1" 200 8262 "-" "Mozilla/5.0 (Windows NT 10.0; Win64; x64) AppleWebKit/537.36 (KHTML, like Gecko) Chrome/78.0.3904.108 Safari/537.36"
167.99.10.105 - - [08/Dec/2020:10:10:07 +0000] "POST /wp-load.php?pubkey=f4f6ff0ad91cceac9087b324018e7051&bvTime=1607422205&bvVersion=0.1&bvMethod=getdata&sha1=true&sig=dd83962fdd03fd5a19b7abc832bf50b6ba70a88c HTTP/1.0" 200 3543 "-" "Mozilla/5.0 (Windows NT 6.1) AppleWebKit/537.36 (KHTML, like Gecko) Chrome/41.0.2228.0 Safari/537.36"
149.28.34.152 - - [08/Dec/2020:10:25:53 +0000] "POST /wp-load.php?pubkey=f4f6ff0ad91cceac9087b324018e7051&bvTime=1607423144&bvVersion=0.1&bvMethod=getdata&sha1=true&sig=e20e74aee536f5c031500e1ad1f24ee8b6fcccd1 HTTP/1.0" 200 1972 "-" "Mozilla/5.0 (Windows NT 6.1) AppleWebKit/537.36 (KHTML, like Gecko) Chrome/41.0.2228.0 Safari/537.36"
161.35.173.199 - - [08/Dec/2020:10:41:09 +0000] "POST /wp-load.php?pubkey=f4f6ff0ad91cceac9087b324018e7051&bvTime=1607424068&bvVersion=0.1&bvMethod=getdata&sha1=true&sig=c10f27a7057f77d642b1fc180e09dc047cd9c00f HTTP/1.0" 200 1968 "-" "Mozilla/5.0 (Windows NT 6.1) AppleWebKit/537.36 (KHTML, like Gecko) Chrome/41.0.2228.0 Safari/537.36"
134.209.217.222 - - [08/Dec/2020:10:56:47 +0000] "POST /wp-load.php?pubkey=f4f6ff0ad91cceac9087b324018e7051&bvTime=1607425001&bvVersion=0.1&bvMethod=getdata&sha1=true&sig=9318168e04c4330f2af181276748d873f5948619 HTTP/1.0" 200 1953 "-" "Mozilla/5.0 (Windows NT 6.1) AppleWebKit/537.36 (KHTML, like Gecko) Chrome/41.0.2228.0 Safari/537.36"
142.93.250.203 - - [08/Dec/2020:11:12:40 +0000] "POST /wp-load.php?pubkey=f4f6ff0ad91cceac9087b324018e7051&bvTime=1607425957&bvVersion=0.1&bvMethod=getdata&sha1=true&sig=8eb63ff0a6a12c4b6b578c3d05efc813a46f67c7 HTTP/1.0" 200 1960 "-" "Mozilla/5.0 (Windows NT 6.1) AppleWebKit/537.36 (KHTML, like Gecko) Chrome/41.0.2228.0 Safari/537.36"
45.63.11.110 - - [08/Dec/2020:11:27:54 +0000] "POST /wp-load.php?pubkey=f4f6ff0ad91cceac9087b324018e7051&bvTime=1607426867&bvVersion=0.1&bvMethod=getdata&sha1=true&sig=bffc0697db0f731023c885bcb86caa084afb0f35 HTTP/1.0" 200 1949 "-" "Mozilla/5.0 (Windows NT 6.1) AppleWebKit/537.36 (KHTML, like Gecko) Chrome/41.0.2228.0 Safari/537.36"
142.93.192.146 - - [08/Dec/2020:11:42:32 +0000] "POST /wp-load.php?pubkey=f4f6ff0ad91cceac9087b324018e7051&bvTime=1607427751&bvVersion=0.1&bvMethod=getdata&sha1=true&sig=7631d0ab205330f81807536976bbd50d66d4c042 HTTP/1.0" 200 1954 "-" "Mozilla/5.0 (Windows NT 6.1) AppleWebKit/537.36 (KHTML, like Gecko) Chrome/41.0.2228.0 Safari/537.36"
134.122.108.28 - - [08/Dec/2020:11:58:21 +0000] "POST /wp-load.php?pubkey=f4f6ff0ad91cceac9087b324018e7051&bvTime=1607428695&bvVersion=0.1&bvMethod=getdata&sha1=true&sig=6cd347d3416a10b6292940828c8650e6ac09cc78 HTTP/1.0" 200 1951 "-" "Mozilla/5.0 (Windows NT 6.1) AppleWebKit/537.36 (KHTML, like Gecko) Chrome/41.0.2228.0 Safari/537.36"
45.77.97.238 - - [08/Dec/2020:12:13:31 +0000] "POST /wp-load.php?pubkey=f4f6ff0ad91cceac9087b324018e7051&bvTime=1607429609&bvVersion=0.1&bvMethod=getdata&sha1=true&sig=3606224734e4ca2762e1617d222a9ed54260186f HTTP/1.0" 200 1952 "-" "Mozilla/5.0 (Windows NT 6.1) AppleWebKit/537.36 (KHTML, like Gecko) Chrome/41.0.2228.0 Safari/537.36"
2.187.239.244 - - [08/Dec/2020:12:15:04 +0000] "GET / HTTP/1.1" 200 8262 "-" "Mozilla/5.0 (Windows NT 6.1; WOW64) AppleWebKit/537.36 (KHTML, like Gecko) Chrome/52.0.2743.116 Safari/537.36"
167.99.10.105 - - [08/Dec/2020:12:28:36 +0000] "POST /wp-load.php?pubkey=f4f6ff0ad91cceac9087b324018e7051&bvTime=1607430509&bvVersion=0.1&bvMethod=getdata&sha1=true&sig=7c75a5043c222961077897ceaf719344037bfa0d HTTP/1.0" 200 2186 "-" "Mozilla/5.0 (Windows NT 6.1) AppleWebKit/537.36 (KHTML, like Gecko) Chrome/41.0.2228.0 Safari/537.36"
127.0.0.1 - - [08/Dec/2020:12:41:34 +0000] "POST /wp-cron.php?doing_wp_cron=1607431294.1455700397491455078125 HTTP/1.0" 200 259 "http://wordpress-514809-1634392.cloudwaysapps.com/wp-cron.php?doing_wp_cron=1607431294.1455700397491455078125" "WordPress/5.4.4; https://wordpress-514809-1634392.cloudwaysapps.com"
69.162.83.246 - - [08/Dec/2020:12:41:34 +0000] "GET / HTTP/1.1" 200 8392 "-" "Go-http-client/1.1"
45.77.217.4 - - [08/Dec/2020:12:43:09 +0000] "POST /wp-load.php?pubkey=f4f6ff0ad91cceac9087b324018e7051&bvTime=1607431387&bvVersion=0.1&bvMethod=getdata&sha1=true&sig=f0fe23841de3032c773a3f48de7b23a4018b788c HTTP/1.0" 200 2392 "-" "Mozilla/5.0 (Windows NT 6.1) AppleWebKit/537.36 (KHTML, like Gecko) Chrome/41.0.2228.0 Safari/537.36"
144.202.0.171 - - [08/Dec/2020:12:57:51 +0000] "POST /wp-load.php?pubkey=f4f6ff0ad91cceac9087b324018e7051&bvTime=1607432270&bvVersion=0.1&bvMethod=getdata&sha1=true&sig=66bcae2d94734bf41d68d8b0380bc3a5433d5776 HTTP/1.0" 200 1945 "-" "Mozilla/5.0 (Windows NT 6.1) AppleWebKit/537.36 (KHTML, like Gecko) Chrome/41.0.2228.0 Safari/537.36"
102.165.30.1 - - [08/Dec/2020:12:58:03 +0000] "GET / HTTP/1.1" 200 8259 "-" "NetSystemsResearch studies the availability of various services across the internet. Our website is netsystemsresearch.com"
104.248.120.110 - - [08/Dec/2020:13:13:21 +0000] "POST /wp-load.php?pubkey=f4f6ff0ad91cceac9087b324018e7051&bvTime=1607433195&bvVersion=0.1&bvMethod=getdata&sha1=true&sig=cb788c613f5e8f1a88da8f8b416c9a61f727f294 HTTP/1.0" 200 2226 "-" "Mozilla/5.0 (Windows NT 6.1) AppleWebKit/537.36 (KHTML, like Gecko) Chrome/41.0.2228.0 Safari/537.36"
167.99.10.105 - - [08/Dec/2020:13:29:04 +0000] "POST /wp-load.php?pubkey=f4f6ff0ad91cceac9087b324018e7051&bvTime=1607434139&bvVersion=0.1&bvMethod=getdata&sha1=true&sig=66d5228f3c445d8aaa7b351ae6aafa3d35c2ee09 HTTP/1.0" 200 1961 "-" "Mozilla/5.0 (Windows NT 6.1) AppleWebKit/537.36 (KHTML, like Gecko) Chrome/41.0.2228.0 Safari/537.36"
149.28.34.152 - - [08/Dec/2020:13:44:16 +0000] "POST /wp-load.php?pubkey=f4f6ff0ad91cceac9087b324018e7051&bvTime=1607435050&bvVersion=0.1&bvMethod=getdata&sha1=true&sig=09835033e18612b72bc73e592d07e9fecef02c28 HTTP/1.0" 200 1972 "-" "Mozilla/5.0 (Windows NT 6.1) AppleWebKit/537.36 (KHTML, like Gecko) Chrome/41.0.2228.0 Safari/537.36"
207.246.90.100 - - [08/Dec/2020:13:59:33 +0000] "POST /wp-load.php?pubkey=f4f6ff0ad91cceac9087b324018e7051&bvTime=1607435966&bvVersion=0.1&bvMethod=getdata&sha1=true&sig=c01d7383f4b6e3b18e16d84b9ba312c9c242d941 HTTP/1.0" 200 1971 "-" "Mozilla/5.0 (Windows NT 6.1) AppleWebKit/537.36 (KHTML, like Gecko) Chrome/41.0.2228.0 Safari/537.36"
149.28.224.205 - - [08/Dec/2020:14:14:57 +0000] "POST /wp-load.php?pubkey=f4f6ff0ad91cceac9087b324018e7051&bvTime=1607436889&bvVersion=0.1&bvMethod=getdata&sha1=true&sig=483a9601841f2cdbdfc96f3753b8e7167afb847e HTTP/1.0" 200 1954 "-" "Mozilla/5.0 (Windows NT 6.1) AppleWebKit/537.36 (KHTML, like Gecko) Chrome/41.0.2228.0 Safari/537.36"
127.0.0.1 - - [08/Dec/2020:14:17:13 +0000] "POST /wp-cron.php?doing_wp_cron=1607437033.7857809066772460937500 HTTP/1.0" 200 259 "https://wordpress-514809-1634392.cloudwaysapps.com/wp-cron.php?doing_wp_cron=1607437033.7857809066772460937500" "WordPress/5.4.4; https://wordpress-514809-1634392.cloudwaysapps.com"
91.241.19.84 - - [08/Dec/2020:14:17:13 +0000] "POST /vendor/phpunit/phpunit/src/Util/PHP/eval-stdin.php HTTP/1.0" 404 20840 "-" "Mozilla/5.0 (Windows NT 10.0; Win64; x64) AppleWebKit/537.36 (KHTML, like Gecko) Chrome/78.0.3904.108 Safari/537.36"
91.241.19.84 - - [08/Dec/2020:14:17:13 +0000] "POST /api/jsonws/invoke HTTP/1.0" 404 20840 "-" "Mozilla/5.0 (Windows NT 10.0; Win64; x64) AppleWebKit/537.36 (KHTML, like Gecko) Chrome/78.0.3904.108 Safari/537.36"
91.241.19.84 - - [08/Dec/2020:14:17:14 +0000] "GET /vendor/phpunit/phpunit/src/Util/PHP/eval-stdin.php HTTP/1.1" 404 20878 "-" "Mozilla/5.0 (Windows NT 10.0; Win64; x64) AppleWebKit/537.36 (KHTML, like Gecko) Chrome/78.0.3904.108 Safari/537.36"
91.241.19.84 - - [08/Dec/2020:14:17:14 +0000] "GET /index.php?s=/Index/\\think\\app/invokefunction&function=call_user_func_array&vars[0]=md5&vars[1][]=HelloThinkPHP21 HTTP/1.1" 200 5888 "-" "Mozilla/5.0 (Windows NT 10.0; Win64; x64) AppleWebKit/537.36 (KHTML, like Gecko) Chrome/78.0.3904.108 Safari/537.36"
91.241.19.84 - - [08/Dec/2020:14:17:14 +0000] "GET /?XDEBUG_SESSION_START=phpstorm HTTP/1.1" 200 8258 "-" "Mozilla/5.0 (Windows NT 10.0; Win64; x64) AppleWebKit/537.36 (KHTML, like Gecko) Chrome/78.0.3904.108 Safari/537.36"
91.241.19.84 - - [08/Dec/2020:14:17:15 +0000] "GET /console/ HTTP/1.1" 404 20878 "-" "Mozilla/5.0 (Windows NT 10.0; Win64; x64) AppleWebKit/537.36 (KHTML, like Gecko) Chrome/78.0.3904.108 Safari/537.36"
91.241.19.84 - - [08/Dec/2020:14:17:15 +0000] "GET /wp-content/plugins/wp-file-manager/readme.txt HTTP/1.1" 404 20878 "-" "Mozilla/5.0 (Windows NT 10.0; Win64; x64) AppleWebKit/537.36 (KHTML, like Gecko) Chrome/78.0.3904.108 Safari/537.36"
91.241.19.84 - - [08/Dec/2020:14:17:16 +0000] "POST /Autodiscover/Autodiscover.xml HTTP/1.0" 404 20840 "-" "Mozilla/5.0 (Windows NT 10.0; Win64; x64) AppleWebKit/537.36 (KHTML, like Gecko) Chrome/78.0.3904.108 Safari/537.36"
149.28.224.205 - - [08/Dec/2020:14:30:55 +0000] "POST /wp-load.php?pubkey=f4f6ff0ad91cceac9087b324018e7051&bvTime=1607437848&bvVersion=0.1&bvMethod=getdata&sha1=true&sig=d76ff7b7fe5b46b9b38183c7e1bb75d39c755c54 HTTP/1.0" 200 3332 "-" "Mozilla/5.0 (Windows NT 6.1) AppleWebKit/537.36 (KHTML, like Gecko) Chrome/41.0.2228.0 Safari/537.36"
2.57.122.186 - - [08/Dec/2020:14:41:41 +0000] "GET /config/getuser?index=0 HTTP/1.1" 404 20876 "-" "Mozilla/5.0 (X11; Ubuntu; Linux x86_64; rv:76.0) Gecko/20100101 Firefox/76.0"
157.230.60.91 - - [08/Dec/2020:14:47:34 +0000] "POST /wp-load.php?pubkey=f4f6ff0ad91cceac9087b324018e7051&bvTime=1607438848&bvVersion=0.1&bvMethod=getdata&sha1=true&sig=3cc0d8df7a5736f682dbbfb7e90ffd72be6b042f HTTP/1.0" 200 2173 "-" "Mozilla/5.0 (Windows NT 6.1) AppleWebKit/537.36 (KHTML, like Gecko) Chrome/41.0.2228.0 Safari/537.36"
143.110.169.222 - - [08/Dec/2020:15:02:55 +0000] "POST /wp-load.php?pubkey=f4f6ff0ad91cceac9087b324018e7051&bvTime=1607439773&bvVersion=0.1&bvMethod=getdata&sha1=true&sig=23fc89fca74e06531784e37ad5127aca8bc5913a HTTP/1.0" 200 1972 "-" "Mozilla/5.0 (Windows NT 6.1) AppleWebKit/537.36 (KHTML, like Gecko) Chrome/41.0.2228.0 Safari/537.36"
161.35.95.45 - - [08/Dec/2020:15:17:42 +0000] "POST /wp-load.php?pubkey=f4f6ff0ad91cceac9087b324018e7051&bvTime=1607440661&bvVersion=0.1&bvMethod=getdata&sha1=true&sig=43309b021a7f85be37a32dcbed3a7c84255a1d9d HTTP/1.0" 200 1961 "-" "Mozilla/5.0 (Windows NT 6.1) AppleWebKit/537.36 (KHTML, like Gecko) Chrome/41.0.2228.0 Safari/537.36"
157.230.90.105 - - [08/Dec/2020:15:33:04 +0000] "POST /wp-load.php?pubkey=f4f6ff0ad91cceac9087b324018e7051&bvTime=1607441577&bvVersion=0.1&bvMethod=getdata&sha1=true&sig=43bb3ea83e8a18be28e46b9813f8cc07b47e7c64 HTTP/1.0" 200 1955 "-" "Mozilla/5.0 (Windows NT 6.1) AppleWebKit/537.36 (KHTML, like Gecko) Chrome/41.0.2228.0 Safari/537.36"
43.229.62.95 - - [08/Dec/2020:15:40:58 +0000] "GET / HTTP/1.1" 200 8257 "-" "masscan/1.0 (https://github.com/robertdavidgraham/masscan)"
134.209.125.7 - - [08/Dec/2020:15:48:11 +0000] "POST /wp-load.php?pubkey=f4f6ff0ad91cceac9087b324018e7051&bvTime=1607442486&bvVersion=0.1&bvMethod=getdata&sha1=true&sig=691895e3557d421c82cb323955526a191886d3f2 HTTP/1.0" 200 2160 "-" "Mozilla/5.0 (Windows NT 6.1) AppleWebKit/537.36 (KHTML, like Gecko) Chrome/41.0.2228.0 Safari/537.36"
142.93.250.203 - - [08/Dec/2020:16:04:08 +0000] "POST /wp-load.php?pubkey=f4f6ff0ad91cceac9087b324018e7051&bvTime=1607443440&bvVersion=0.1&bvMethod=getdata&sha1=true&sig=5c245df6fc529d327e4cf98ccf3e79e16f757d12 HTTP/1.0" 200 1974 "-" "Mozilla/5.0 (Windows NT 6.1) AppleWebKit/537.36 (KHTML, like Gecko) Chrome/41.0.2228.0 Safari/537.36"
159.89.236.13 - - [08/Dec/2020:16:19:56 +0000] "POST /wp-load.php?pubkey=f4f6ff0ad91cceac9087b324018e7051&bvTime=1607444388&bvVersion=0.1&bvMethod=getdata&sha1=true&sig=5f9dd9d3460f807a18f18e75fb237d9232ba61af HTTP/1.0" 200 1953 "-" "Mozilla/5.0 (Windows NT 6.1) AppleWebKit/537.36 (KHTML, like Gecko) Chrome/41.0.2228.0 Safari/537.36"
134.209.125.7 - - [08/Dec/2020:16:35:50 +0000] "POST /wp-load.php?pubkey=f4f6ff0ad91cceac9087b324018e7051&bvTime=1607445340&bvVersion=0.1&bvMethod=getdata&sha1=true&sig=b1498ddffecd51a0de1dc7d7e2c1ab87e0b38d73 HTTP/1.0" 200 1981 "-" "Mozilla/5.0 (Windows NT 6.1) AppleWebKit/537.36 (KHTML, like Gecko) Chrome/41.0.2228.0 Safari/537.36"
149.28.34.152 - - [08/Dec/2020:16:50:57 +0000] "POST /wp-load.php?pubkey=f4f6ff0ad91cceac9087b324018e7051&bvTime=1607446256&bvVersion=0.1&bvMethod=getdata&sha1=true&sig=a69d936227dff4b49729a70a1dac9ce24debcb3f HTTP/1.0" 200 1973 "-" "Mozilla/5.0 (Windows NT 6.1) AppleWebKit/537.36 (KHTML, like Gecko) Chrome/41.0.2228.0 Safari/537.36"
67.205.157.229 - - [08/Dec/2020:17:06:11 +0000] "POST /wp-load.php?pubkey=f4f6ff0ad91cceac9087b324018e7051&bvTime=1607447164&bvVersion=0.1&bvMethod=getdata&sha1=true&sig=1a80c9a08019c31c3db4717cebc0243451951439 HTTP/1.0" 200 1969 "-" "Mozilla/5.0 (Windows NT 6.1) AppleWebKit/537.36 (KHTML, like Gecko) Chrome/41.0.2228.0 Safari/537.36"
207.246.90.100 - - [08/Dec/2020:17:21:31 +0000] "POST /wp-load.php?pubkey=f4f6ff0ad91cceac9087b324018e7051&bvTime=1607448090&bvVersion=0.1&bvMethod=getdata&sha1=true&sig=34267de1953408b2ba8e3498f973c1ddf02ffe6f HTTP/1.0" 200 1949 "-" "Mozilla/5.0 (Windows NT 6.1) AppleWebKit/537.36 (KHTML, like Gecko) Chrome/41.0.2228.0 Safari/537.36"
159.89.236.13 - - [08/Dec/2020:17:36:55 +0000] "POST /wp-load.php?pubkey=f4f6ff0ad91cceac9087b324018e7051&bvTime=1607449015&bvVersion=0.1&bvMethod=getdata&sha1=true&sig=5b606a77b116b71cc5f14f9696babc895d2326e0 HTTP/1.0" 200 1955 "-" "Mozilla/5.0 (Windows NT 6.1) AppleWebKit/537.36 (KHTML, like Gecko) Chrome/41.0.2228.0 Safari/537.36"
134.209.125.7 - - [08/Dec/2020:17:52:17 +0000] "POST /wp-load.php?pubkey=f4f6ff0ad91cceac9087b324018e7051&bvTime=1607449930&bvVersion=0.1&bvMethod=getdata&sha1=true&sig=2c9e146adeaf3c3bc8699bc75eadbd1d2c2c1698 HTTP/1.0" 200 1972 "-" "Mozilla/5.0 (Windows NT 6.1) AppleWebKit/537.36 (KHTML, like Gecko) Chrome/41.0.2228.0 Safari/537.36"
134.122.108.28 - - [08/Dec/2020:18:07:28 +0000] "POST /wp-load.php?pubkey=f4f6ff0ad91cceac9087b324018e7051&bvTime=1607450846&bvVersion=0.1&bvMethod=getdata&sha1=true&sig=c7ed07695b6fca217ab6cf691f5ca04680113a81 HTTP/1.0" 200 1976 "-" "Mozilla/5.0 (Windows NT 6.1) AppleWebKit/537.36 (KHTML, like Gecko) Chrome/41.0.2228.0 Safari/537.36"
127.0.0.1 - - [08/Dec/2020:18:13:23 +0000] "POST /wp-cron.php?doing_wp_cron=1607451203.2246010303497314453125 HTTP/1.0" 200 259 "http://wordpress-514809-1634392.cloudwaysapps.com/wp-cron.php?doing_wp_cron=1607451203.2246010303497314453125" "WordPress/5.4.4; https://wordpress-514809-1634392.cloudwaysapps.com"
172.105.89.161 - - [08/Dec/2020:18:13:23 +0000] "GET /0bef HTTP/1.1" 404 20795 "-" "-"
173.199.118.125 - - [08/Dec/2020:18:22:42 +0000] "POST /wp-load.php?pubkey=f4f6ff0ad91cceac9087b324018e7051&bvTime=1607451755&bvVersion=0.1&bvMethod=getdata&sha1=true&sig=58bbe3e41b3c266879436e91f1b9b5407bc7472f HTTP/1.0" 200 2485 "-" "Mozilla/5.0 (Windows NT 6.1) AppleWebKit/537.36 (KHTML, like Gecko) Chrome/41.0.2228.0 Safari/537.36"
161.35.125.81 - - [08/Dec/2020:18:37:55 +0000] "POST /wp-load.php?pubkey=f4f6ff0ad91cceac9087b324018e7051&bvTime=1607452671&bvVersion=0.1&bvMethod=getdata&sha1=true&sig=82487748333a38f2ef7418d593f579159a363f25 HTTP/1.0" 200 1961 "-" "Mozilla/5.0 (Windows NT 6.1) AppleWebKit/537.36 (KHTML, like Gecko) Chrome/41.0.2228.0 Safari/537.36"
207.246.90.100 - - [08/Dec/2020:18:54:23 +0000] "POST /wp-load.php?pubkey=f4f6ff0ad91cceac9087b324018e7051&bvTime=1607453657&bvVersion=0.1&bvMethod=getdata&sha1=true&sig=a37cad0cfce0988cad79a48b0cc90f46c64471da HTTP/1.0" 200 1971 "-" "Mozilla/5.0 (Windows NT 6.1) AppleWebKit/537.36 (KHTML, like Gecko) Chrome/41.0.2228.0 Safari/537.36"
159.89.236.13 - - [08/Dec/2020:19:10:16 +0000] "POST /wp-load.php?pubkey=f4f6ff0ad91cceac9087b324018e7051&bvTime=1607454608&bvVersion=0.1&bvMethod=getdata&sha1=true&sig=c96f5480adaec2b62a074d1334965c3c1e4ba587 HTTP/1.0" 200 1952 "-" "Mozilla/5.0 (Windows NT 6.1) AppleWebKit/537.36 (KHTML, like Gecko) Chrome/41.0.2228.0 Safari/537.36"
149.28.224.205 - - [08/Dec/2020:19:25:28 +0000] "POST /wp-load.php?pubkey=f4f6ff0ad91cceac9087b324018e7051&bvTime=1607455522&bvVersion=0.1&bvMethod=getdata&sha1=true&sig=486856bb7af97509c0487713e1b591a6d87f5436 HTTP/1.0" 200 1977 "-" "Mozilla/5.0 (Windows NT 6.1) AppleWebKit/537.36 (KHTML, like Gecko) Chrome/41.0.2228.0 Safari/537.36"
143.110.169.222 - - [08/Dec/2020:19:40:09 +0000] "POST /wp-load.php?pubkey=f4f6ff0ad91cceac9087b324018e7051&bvTime=1607456409&bvVersion=0.1&bvMethod=getdata&sha1=true&sig=316591fad20cba69b05d9f1bda432a3f595eaac1 HTTP/1.0" 200 1949 "-" "Mozilla/5.0 (Windows NT 6.1) AppleWebKit/537.36 (KHTML, like Gecko) Chrome/41.0.2228.0 Safari/537.36"
149.28.34.152 - - [08/Dec/2020:19:55:26 +0000] "POST /wp-load.php?pubkey=f4f6ff0ad91cceac9087b324018e7051&bvTime=1607457322&bvVersion=0.1&bvMethod=getdata&sha1=true&sig=b8f0bd80f8660d07df87af856c6a2ead8b4fa7dd HTTP/1.0" 200 1956 "-" "Mozilla/5.0 (Windows NT 6.1) AppleWebKit/537.36 (KHTML, like Gecko) Chrome/41.0.2228.0 Safari/537.36"
142.93.192.146 - - [08/Dec/2020:20:10:59 +0000] "POST /wp-load.php?pubkey=f4f6ff0ad91cceac9087b324018e7051&bvTime=1607458253&bvVersion=0.1&bvMethod=getdata&sha1=true&sig=1ca94a8af128811571331e82e3aab3e7e1b56f69 HTTP/1.0" 200 1976 "-" "Mozilla/5.0 (Windows NT 6.1) AppleWebKit/537.36 (KHTML, like Gecko) Chrome/41.0.2228.0 Safari/537.36"
45.77.217.4 - - [08/Dec/2020:20:27:41 +0000] "POST /wp-load.php?pubkey=f4f6ff0ad91cceac9087b324018e7051&bvTime=1607459256&bvVersion=0.1&bvMethod=getdata&sha1=true&sig=70d166377b4337f2ae0e95696790c63bbcef7b5b HTTP/1.0" 200 1951 "-" "Mozilla/5.0 (Windows NT 6.1) AppleWebKit/537.36 (KHTML, like Gecko) Chrome/41.0.2228.0 Safari/537.36"
208.167.239.133 - - [08/Dec/2020:20:43:01 +0000] "POST /wp-load.php?pubkey=f4f6ff0ad91cceac9087b324018e7051&bvTime=1607460178&bvVersion=0.1&bvMethod=getdata&sha1=true&sig=c88a5f0eaf60a6652909a23ec1926a9f4d83e1a3 HTTP/1.0" 200 1949 "-" "Mozilla/5.0 (Windows NT 6.1) AppleWebKit/537.36 (KHTML, like Gecko) Chrome/41.0.2228.0 Safari/537.36"
66.252.87.189 - - [08/Dec/2020:20:52:59 +0000] "GET / HTTP/1.1" 200 8262 "-" "Mozilla/5.0 (Windows NT 6.1; WOW64) AppleWebKit/537.36 (KHTML, like Gecko) Chrome/51.0.2704.103 Safari/537.36"
161.35.125.81 - - [08/Dec/2020:20:58:22 +0000] "POST /wp-load.php?pubkey=f4f6ff0ad91cceac9087b324018e7051&bvTime=1607461098&bvVersion=0.1&bvMethod=getdata&sha1=true&sig=61703e8d9bfe9d83357c74e455374e5afd9de449 HTTP/1.0" 200 2195 "-" "Mozilla/5.0 (Windows NT 6.1) AppleWebKit/537.36 (KHTML, like Gecko) Chrome/41.0.2228.0 Safari/537.36"
134.122.108.28 - - [08/Dec/2020:21:12:58 +0000] "POST /wp-load.php?pubkey=f4f6ff0ad91cceac9087b324018e7051&bvTime=1607461977&bvVersion=0.1&bvMethod=getdata&sha1=true&sig=fc6b37b0dfa7b32db0667282d1bfc57fddfe9c0f HTTP/1.0" 200 1973 "-" "Mozilla/5.0 (Windows NT 6.1) AppleWebKit/537.36 (KHTML, like Gecko) Chrome/41.0.2228.0 Safari/537.36"
134.122.117.135 - - [08/Dec/2020:21:28:18 +0000] "POST /wp-load.php?pubkey=f4f6ff0ad91cceac9087b324018e7051&bvTime=1607462892&bvVersion=0.1&bvMethod=getdata&sha1=true&sig=bef9b6983f4af5010e4064739349807173b2af4d HTTP/1.0" 200 1951 "-" "Mozilla/5.0 (Windows NT 6.1) AppleWebKit/537.36 (KHTML, like Gecko) Chrome/41.0.2228.0 Safari/537.36"
134.122.108.28 - - [08/Dec/2020:21:43:32 +0000] "POST /wp-load.php?pubkey=f4f6ff0ad91cceac9087b324018e7051&bvTime=1607463811&bvVersion=0.1&bvMethod=getdata&sha1=true&sig=2bc76ff484d20e4182227fa93dc4d75fd370f5f9 HTTP/1.0" 200 1961 "-" "Mozilla/5.0 (Windows NT 6.1) AppleWebKit/537.36 (KHTML, like Gecko) Chrome/41.0.2228.0 Safari/537.36"
134.209.125.7 - - [08/Dec/2020:21:58:36 +0000] "POST /wp-load.php?pubkey=f4f6ff0ad91cceac9087b324018e7051&bvTime=1607464712&bvVersion=0.1&bvMethod=getdata&sha1=true&sig=ee514034367425e7fa030fbe2eb0997cc0e002c7 HTTP/1.0" 200 1953 "-" "Mozilla/5.0 (Windows NT 6.1) AppleWebKit/537.36 (KHTML, like Gecko) Chrome/41.0.2228.0 Safari/537.36"
127.0.0.1 - - [08/Dec/2020:22:05:39 +0000] "POST /wp-cron.php?doing_wp_cron=1607465139.9420280456542968750000 HTTP/1.0" 200 259 "http://wordpress-514809-1634392.cloudwaysapps.com/wp-cron.php?doing_wp_cron=1607465139.9420280456542968750000" "WordPress/5.4.4; https://wordpress-514809-1634392.cloudwaysapps.com"
2.57.122.186 - - [08/Dec/2020:22:05:39 +0000] "GET /config/getuser?index=0 HTTP/1.1" 404 20876 "-" "Mozilla/5.0 (X11; Ubuntu; Linux x86_64; rv:76.0) Gecko/20100101 Firefox/76.0"
185.141.63.14 - - [08/Dec/2020:22:09:39 +0000] "GET / HTTP/1.1" 200 8259 "-" "libwww-perl/6.49"
134.209.217.222 - - [08/Dec/2020:22:13:55 +0000] "POST /wp-load.php?pubkey=f4f6ff0ad91cceac9087b324018e7051&bvTime=1607465627&bvVersion=0.1&bvMethod=getdata&sha1=true&sig=10fd283fe204bd09aa426a6cab60a7bf02cea79a HTTP/1.0" 200 2691 "-" "Mozilla/5.0 (Windows NT 6.1) AppleWebKit/537.36 (KHTML, like Gecko) Chrome/41.0.2228.0 Safari/537.36"
104.248.120.110 - - [08/Dec/2020:22:29:06 +0000] "POST /wp-load.php?pubkey=f4f6ff0ad91cceac9087b324018e7051&bvTime=1607466538&bvVersion=0.1&bvMethod=getdata&sha1=true&sig=7766f3ba02b42b4b9f9affb75cb15d5dac43c6bd HTTP/1.0" 200 1957 "-" "Mozilla/5.0 (Windows NT 6.1) AppleWebKit/537.36 (KHTML, like Gecko) Chrome/41.0.2228.0 Safari/537.36"
144.202.0.171 - - [08/Dec/2020:22:44:15 +0000] "POST /wp-load.php?pubkey=f4f6ff0ad91cceac9087b324018e7051&bvTime=1607467447&bvVersion=0.1&bvMethod=getdata&sha1=true&sig=74e89cc750721b99b66aa951bf242bf228609abf HTTP/1.0" 200 1963 "-" "Mozilla/5.0 (Windows NT 6.1) AppleWebKit/537.36 (KHTML, like Gecko) Chrome/41.0.2228.0 Safari/537.36"
1.34.211.92 - - [08/Dec/2020:22:55:30 +0000] "GET / HTTP/1.1" 200 8262 "-" "Mozilla/5.0"
