45.77.217.4 - - [07/Dec/2020:00:22:32 +0000] "POST /wp-load.php?pubkey=f4f6ff0ad91cceac9087b324018e7051&bvTime=1607300543&bvVersion=0.1&bvMethod=getdata&sha1=true&sig=4b0bdda0cb6911548ae0c84b56570b221977923f HTTP/1.0" 200 1963 "-" "Mozilla/5.0 (Windows NT 6.1) AppleWebKit/537.36 (KHTML, like Gecko) Chrome/41.0.2228.0 Safari/537.36"
157.230.60.91 - - [07/Dec/2020:00:37:12 +0000] "POST /wp-load.php?pubkey=f4f6ff0ad91cceac9087b324018e7051&bvTime=1607301431&bvVersion=0.1&bvMethod=getdata&sha1=true&sig=ebc6bfd108f92e1c9e6e19622c567c72b1f2c541 HTTP/1.0" 200 1946 "-" "Mozilla/5.0 (Windows NT 6.1) AppleWebKit/537.36 (KHTML, like Gecko) Chrome/41.0.2228.0 Safari/537.36"
134.122.108.28 - - [07/Dec/2020:00:52:19 +0000] "POST /wp-load.php?pubkey=f4f6ff0ad91cceac9087b324018e7051&bvTime=1607302331&bvVersion=0.1&bvMethod=getdata&sha1=true&sig=255a10d64e3e7da31a98c9379197ec73d8a2b234 HTTP/1.0" 200 1973 "-" "Mozilla/5.0 (Windows NT 6.1) AppleWebKit/537.36 (KHTML, like Gecko) Chrome/41.0.2228.0 Safari/537.36"
161.35.173.199 - - [07/Dec/2020:00:53:35 +0000] "POST /wp-load.php?pubkey=f4f6ff0ad91cceac9087b324018e7051&bvTime=1607302415&bvVersion=0.1&bvMethod=dummyping&sha1=true&sig=3698b650fe609b3a7c2575febe63f3b70834d259 HTTP/1.0" 200 1133 "https://wordpress-514809-1634392.cloudwaysapps.com/" "Mozilla/5.0 (Windows NT 10.0; Win64; x64) AppleWebKit/537.36 (KHTML, like Gecko) Chrome/77.0.3865.120 Safari/537.36"
144.202.0.171 - - [07/Dec/2020:00:53:36 +0000] "POST /wp-load.php?pubkey=f4f6ff0ad91cceac9087b324018e7051&bvTime=1607302415&bvVersion=0.1&bvMethod=activateinfo&sha1=true&sig=a8aaacf9e96473fff6b32996d1c6b246f3c20cdd HTTP/1.0" 200 1771 "https://wordpress-514809-1634392.cloudwaysapps.com/" "Mozilla/5.0 (Windows NT 10.0; Win64; x64) AppleWebKit/537.36 (KHTML, like Gecko) Chrome/77.0.3865.120 Safari/537.36"
159.89.236.13 - - [07/Dec/2020:00:53:36 +0000] "POST /wp-load.php?pubkey=f4f6ff0ad91cceac9087b324018e7051&bvTime=1607302416&bvVersion=0.1&bvMethod=gthost&sha1=true&sig=a111fe5a4215912d5d6aaf460c7c02ffa331374a HTTP/1.0" 200 2598 "https://wordpress-514809-1634392.cloudwaysapps.com/" "Mozilla/5.0 (Windows NT 10.0; Win64; x64) AppleWebKit/537.36 (KHTML, like Gecko) Chrome/77.0.3865.120 Safari/537.36"
161.35.95.45 - - [07/Dec/2020:00:53:37 +0000] "POST /wp-load.php?pubkey=f4f6ff0ad91cceac9087b324018e7051&bvTime=1607302416&bvVersion=0.1&bvMethod=updt&sha1=true&sig=e5c6bce95e7d7e73261b375d34c3ab767be5c759 HTTP/1.0" 200 915 "https://wordpress-514809-1634392.cloudwaysapps.com/" "Mozilla/5.0 (Windows NT 10.0; Win64; x64) AppleWebKit/537.36 (KHTML, like Gecko) Chrome/77.0.3865.120 Safari/537.36"
208.167.242.228 - - [07/Dec/2020:00:53:37 +0000] "POST /wp-load.php?pubkey=f4f6ff0ad91cceac9087b324018e7051&bvTime=1607302417&bvVersion=0.1&bvMethod=getoption&sha1=true&sig=d863ab4f2878797b7cc34ec2e1df0295b2e68a0e HTTP/1.0" 200 951 "https://wordpress-514809-1634392.cloudwaysapps.com/" "Mozilla/5.0 (Windows NT 10.0; Win64; x64) AppleWebKit/537.36 (KHTML, like Gecko) Chrome/77.0.3865.120 Safari/537.36"
67.205.157.229 - - [07/Dec/2020:00:53:38 +0000] "POST /wp-load.php?pubkey=f4f6ff0ad91cceac9087b324018e7051&bvTime=1607302417&bvVersion=0.1&bvMethod=updtapikey&sha1=true&sig=a1f8e57bbee334e6dfdcef5ed7adb050bbc94901 HTTP/1.0" 200 955 "https://wordpress-514809-1634392.cloudwaysapps.com/" "Mozilla/5.0 (Windows NT 10.0; Win64; x64) AppleWebKit/537.36 (KHTML, like Gecko) Chrome/77.0.3865.120 Safari/537.36"
142.93.250.203 - - [07/Dec/2020:00:53:38 +0000] "POST /wp-load.php?pubkey=f4f6ff0ad91cceac9087b324018e7051&bvTime=1607302418&bvVersion=0.1&bvMethod=getoption&sha1=true&sig=89e737ab9215ef72eaf7af70908b26427b6a82ad HTTP/1.0" 200 917 "https://wordpress-514809-1634392.cloudwaysapps.com/" "Mozilla/5.0 (Windows NT 10.0; Win64; x64) AppleWebKit/537.36 (KHTML, like Gecko) Chrome/77.0.3865.120 Safari/537.36"
207.246.90.100 - - [07/Dec/2020:00:53:39 +0000] "POST /wp-load.php?pubkey=f4f6ff0ad91cceac9087b324018e7051&bvTime=1607302418&bvVersion=0.1&bvMethod=gtwp&sha1=true&sig=7ce5a7c083a5d751afd5f291e8f7bbfdf98a12bf HTTP/1.0" 200 1683 "https://wordpress-514809-1634392.cloudwaysapps.com/" "Mozilla/5.0 (Windows NT 10.0; Win64; x64) AppleWebKit/537.36 (KHTML, like Gecko) Chrome/77.0.3865.120 Safari/537.36"
208.167.242.228 - - [07/Dec/2020:00:53:39 +0000] "POST /wp-load.php?pubkey=f4f6ff0ad91cceac9087b324018e7051&bvTime=1607302419&bvVersion=0.1&bvMethod=dummyping&sha1=true&sig=b6ce94f10dac23badac6082c7e6dad7246b61a39 HTTP/1.0" 200 1133 "https://wordpress-514809-1634392.cloudwaysapps.com/" "Mozilla/5.0 (Windows NT 10.0; Win64; x64) AppleWebKit/537.36 (KHTML, like Gecko) Chrome/77.0.3865.120 Safari/537.36"
149.28.34.152 - - [07/Dec/2020:00:53:40 +0000] "POST /wp-load.php?pubkey=f4f6ff0ad91cceac9087b324018e7051&bvTime=1607302419&bvVersion=0.1&bvMethod=gtipprobeinfo&sha1=true&sig=42951adf54b41d58f78785c12d19a0dde8b9130a HTTP/1.0" 200 1036 "https://wordpress-514809-1634392.cloudwaysapps.com/" "Mozilla/5.0 (Windows NT 10.0; Win64; x64) AppleWebKit/537.36 (KHTML, like Gecko) Chrome/77.0.3865.120 Safari/537.36"
67.205.157.229 - - [07/Dec/2020:00:53:40 +0000] "POST /wp-load.php?pubkey=f4f6ff0ad91cceac9087b324018e7051&bvTime=1607302420&bvVersion=0.1&bvMethod=svrcnf&sha1=true&sig=da201b80410fb5dbb6680aa755b7b4b50a27b37d HTTP/1.0" 200 1079 "https://wordpress-514809-1634392.cloudwaysapps.com/" "Mozilla/5.0 (Windows NT 10.0; Win64; x64) AppleWebKit/537.36 (KHTML, like Gecko) Chrome/77.0.3865.120 Safari/537.36"
162.243.108.216 - - [07/Dec/2020:00:53:41 +0000] "POST /wp-load.php?pubkey=f4f6ff0ad91cceac9087b324018e7051&bvTime=1607302420&bvVersion=0.1&bvMethod=gtfilescntent&sha1=true&sig=934f27327b6c7c025dcd070a3d7644479f0b4114 HTTP/1.0" 200 1426 "https://wordpress-514809-1634392.cloudwaysapps.com/" "Mozilla/5.0 (Windows NT 10.0; Win64; x64) AppleWebKit/537.36 (KHTML, like Gecko) Chrome/77.0.3865.120 Safari/537.36"
134.209.125.7 - - [07/Dec/2020:00:53:41 +0000] "POST /wp-load.php?pubkey=f4f6ff0ad91cceac9087b324018e7051&bvTime=1607302421&bvVersion=0.1&bvMethod=gtfilescntent&sha1=true&sig=58b07dd07dbe57aa0aab4aa81433e43389e5a5e6 HTTP/1.0" 200 1605 "https://wordpress-514809-1634392.cloudwaysapps.com/" "Mozilla/5.0 (Windows NT 10.0; Win64; x64) AppleWebKit/537.36 (KHTML, like Gecko) Chrome/77.0.3865.120 Safari/537.36"
144.202.0.171 - - [07/Dec/2020:00:53:42 +0000] "POST /wp-load.php?pubkey=f4f6ff0ad91cceac9087b324018e7051&bvTime=1607302421&bvVersion=0.1&bvMethod=gtfilescntent&sha1=true&sig=58b07dd07dbe57aa0aab4aa81433e43389e5a5e6 HTTP/1.0" 200 1000 "https://wordpress-514809-1634392.cloudwaysapps.com/" "Mozilla/5.0 (Windows NT 10.0; Win64; x64) AppleWebKit/537.36 (KHTML, like Gecko) Chrome/77.0.3865.120 Safari/537.36"
144.202.0.171 - - [07/Dec/2020:00:53:42 +0000] "POST /wp-load.php?pubkey=f4f6ff0ad91cceac9087b324018e7051&bvTime=1607302422&bvVersion=0.1&bvMethod=gtfilescntent&sha1=true&sig=c8f950ff0a97d150bf86b771e21eece771af0b8b HTTP/1.0" 200 998 "https://wordpress-514809-1634392.cloudwaysapps.com/" "Mozilla/5.0 (Windows NT 10.0; Win64; x64) AppleWebKit/537.36 (KHTML, like Gecko) Chrome/77.0.3865.120 Safari/537.36"
149.28.224.205 - - [07/Dec/2020:00:53:43 +0000] "POST /wp-load.php?pubkey=f4f6ff0ad91cceac9087b324018e7051&bvTime=1607302422&bvVersion=0.1&bvMethod=dirsexists&sha1=true&sig=3b3459c54ac67726c8e12ceb51196722eefa335c HTTP/1.0" 200 952 "https://wordpress-514809-1634392.cloudwaysapps.com/" "Mozilla/5.0 (Windows NT 10.0; Win64; x64) AppleWebKit/537.36 (KHTML, like Gecko) Chrome/77.0.3865.120 Safari/537.36"
134.122.108.28 - - [07/Dec/2020:00:53:43 +0000] "POST /wp-load.php?pubkey=f4f6ff0ad91cceac9087b324018e7051&bvTime=1607302423&bvVersion=0.1&bvMethod=tblexists&sha1=true&sig=eabb625cc2af93e6a64d624632f2dcd26534cc6e HTTP/1.0" 200 911 "https://wordpress-514809-1634392.cloudwaysapps.com/" "Mozilla/5.0 (Windows NT 10.0; Win64; x64) AppleWebKit/537.36 (KHTML, like Gecko) Chrome/77.0.3865.120 Safari/537.36"
157.230.90.105 - - [07/Dec/2020:00:53:44 +0000] "POST /wp-load.php?pubkey=f4f6ff0ad91cceac9087b324018e7051&bvTime=1607302423&bvVersion=0.1&bvMethod=trttbl&sha1=true&sig=24d537fe2ae648a695e69ee7023580cda45058e5 HTTP/1.0" 200 912 "https://wordpress-514809-1634392.cloudwaysapps.com/" "Mozilla/5.0 (Windows NT 10.0; Win64; x64) AppleWebKit/537.36 (KHTML, like Gecko) Chrome/77.0.3865.120 Safari/537.36"
162.243.108.216 - - [07/Dec/2020:00:53:44 +0000] "POST /wp-load.php?pubkey=f4f6ff0ad91cceac9087b324018e7051&bvTime=1607302424&bvVersion=0.1&bvMethod=tblexists&sha1=true&sig=ae4346a5a83cc68a841dfea4a34d4c079cf4b3d3 HTTP/1.0" 200 916 "https://wordpress-514809-1634392.cloudwaysapps.com/" "Mozilla/5.0 (Windows NT 10.0; Win64; x64) AppleWebKit/537.36 (KHTML, like Gecko) Chrome/77.0.3865.120 Safari/537.36"
143.110.167.147 - - [07/Dec/2020:00:53:44 +0000] "POST /wp-load.php?pubkey=f4f6ff0ad91cceac9087b324018e7051&bvTime=1607302424&bvVersion=0.1&bvMethod=trttbl&sha1=true&sig=964c6486b79f1ce43b4f47d15d1bc0df8befc701 HTTP/1.0" 200 912 "https://wordpress-514809-1634392.cloudwaysapps.com/" "Mozilla/5.0 (Windows NT 10.0; Win64; x64) AppleWebKit/537.36 (KHTML, like Gecko) Chrome/77.0.3865.120 Safari/537.36"
67.205.157.229 - - [07/Dec/2020:00:53:45 +0000] "POST /wp-load.php?pubkey=f4f6ff0ad91cceac9087b324018e7051&bvTime=1607302425&bvVersion=0.1&bvMethod=tblexists&sha1=true&sig=1e3773b567736ddeb56b180be72f449bd51a42f3 HTTP/1.0" 200 915 "https://wordpress-514809-1634392.cloudwaysapps.com/" "Mozilla/5.0 (Windows NT 10.0; Win64; x64) AppleWebKit/537.36 (KHTML, like Gecko) Chrome/77.0.3865.120 Safari/537.36"
142.93.192.146 - - [07/Dec/2020:00:53:45 +0000] "POST /wp-load.php?pubkey=f4f6ff0ad91cceac9087b324018e7051&bvTime=1607302425&bvVersion=0.1&bvMethod=ipstrinfo&sha1=true&sig=ca76826b7cbc117521c987b1f6c8d709a9af67a0 HTTP/1.0" 200 1042 "https://wordpress-514809-1634392.cloudwaysapps.com/" "Mozilla/5.0 (Windows NT 10.0; Win64; x64) AppleWebKit/537.36 (KHTML, like Gecko) Chrome/77.0.3865.120 Safari/537.36"
143.110.167.147 - - [07/Dec/2020:00:53:46 +0000] "POST /wp-load.php?pubkey=f4f6ff0ad91cceac9087b324018e7051&bvTime=1607302426&bvVersion=0.1&bvMethod=wrtfle&sha1=true&sig=ef0b55c6e5ef481375729dbc8042f7373e4a373d HTTP/1.0" 200 934 "https://wordpress-514809-1634392.cloudwaysapps.com/" "Mozilla/5.0 (Windows NT 10.0; Win64; x64) AppleWebKit/537.36 (KHTML, like Gecko) Chrome/77.0.3865.120 Safari/537.36"
208.167.239.133 - - [07/Dec/2020:00:53:47 +0000] "POST /wp-load.php?pubkey=f4f6ff0ad91cceac9087b324018e7051&bvTime=1607302426&bvVersion=0.1&bvMethod=rmfle&sha1=true&sig=f6fafc76776b8f1585489032048aa6a3c42e585f HTTP/1.0" 200 987 "https://wordpress-514809-1634392.cloudwaysapps.com/" "Mozilla/5.0 (Windows NT 10.0; Win64; x64) AppleWebKit/537.36 (KHTML, like Gecko) Chrome/77.0.3865.120 Safari/537.36"
45.63.14.190 - - [07/Dec/2020:00:53:47 +0000] "POST /wp-load.php?pubkey=f4f6ff0ad91cceac9087b324018e7051&bvTime=1607302427&bvVersion=0.1&bvMethod=wrtfle&sha1=true&sig=0e11393153ec34f7ff2a11dbacb28f9a84602b8d HTTP/1.0" 200 931 "https://wordpress-514809-1634392.cloudwaysapps.com/" "Mozilla/5.0 (Windows NT 10.0; Win64; x64) AppleWebKit/537.36 (KHTML, like Gecko) Chrome/77.0.3865.120 Safari/537.36"
208.167.242.228 - - [07/Dec/2020:00:53:48 +0000] "POST /wp-load.php?pubkey=f4f6ff0ad91cceac9087b324018e7051&bvTime=1607302428&bvVersion=0.1&bvMethod=renmefle&sha1=true&sig=d612f3053f16e3dcad64bf091a81bbd6d93b2922 HTTP/1.0" 200 1056 "https://wordpress-514809-1634392.cloudwaysapps.com/" "Mozilla/5.0 (Windows NT 10.0; Win64; x64) AppleWebKit/537.36 (KHTML, like Gecko) Chrome/77.0.3865.120 Safari/537.36"
173.199.118.125 - - [07/Dec/2020:00:53:48 +0000] "POST /wp-load.php?pubkey=f4f6ff0ad91cceac9087b324018e7051&bvTime=1607302428&bvVersion=0.1&bvMethod=wrtfle&sha1=true&sig=4fd0fbea678999110fd34313ffcb83e44bb6e8ea HTTP/1.0" 200 937 "https://wordpress-514809-1634392.cloudwaysapps.com/" "Mozilla/5.0 (Windows NT 10.0; Win64; x64) AppleWebKit/537.36 (KHTML, like Gecko) Chrome/77.0.3865.120 Safari/537.36"
142.93.250.203 - - [07/Dec/2020:00:53:49 +0000] "POST /wp-load.php?pubkey=f4f6ff0ad91cceac9087b324018e7051&bvTime=1607302429&bvVersion=0.1&bvMethod=renmefle&sha1=true&sig=00297e696e0637a77f6450885f5bca50a80da1aa HTTP/1.0" 200 1042 "https://wordpress-514809-1634392.cloudwaysapps.com/" "Mozilla/5.0 (Windows NT 10.0; Win64; x64) AppleWebKit/537.36 (KHTML, like Gecko) Chrome/77.0.3865.120 Safari/537.36"
157.230.90.105 - - [07/Dec/2020:00:53:50 +0000] "POST /wp-load.php?pubkey=f4f6ff0ad91cceac9087b324018e7051&bvTime=1607302429&bvVersion=0.1&bvMethod=gtptcnf&sha1=true&sig=e8522aa4c0a3a96394bb56b9964636c2a43524f3 HTTP/1.0" 200 1312 "https://wordpress-514809-1634392.cloudwaysapps.com/" "Mozilla/5.0 (Windows NT 10.0; Win64; x64) AppleWebKit/537.36 (KHTML, like Gecko) Chrome/77.0.3865.120 Safari/537.36"
143.110.167.147 - - [07/Dec/2020:00:53:50 +0000] "POST /wp-load.php?pubkey=f4f6ff0ad91cceac9087b324018e7051&bvTime=1607302430&bvVersion=0.1&bvMethod=setptplug&sha1=true&sig=b57de4fa8f8d5ff929b802c36070d4c4f812d0f9 HTTP/1.0" 200 913 "https://wordpress-514809-1634392.cloudwaysapps.com/" "Mozilla/5.0 (Windows NT 10.0; Win64; x64) AppleWebKit/537.36 (KHTML, like Gecko) Chrome/77.0.3865.120 Safari/537.36"
157.230.90.105 - - [07/Dec/2020:01:03:43 +0000] "POST /wp-load.php?pubkey=f4f6ff0ad91cceac9087b324018e7051&bvTime=1607303015&bvVersion=0.1&bvMethod=getdata&sha1=true&sig=6f0cd8cfe1c899da87f1b9cc6784cd8614dee8d6 HTTP/1.0" 200 7344 "-" "Mozilla/5.0 (Windows NT 6.1) AppleWebKit/537.36 (KHTML, like Gecko) Chrome/41.0.2228.0 Safari/537.36"
134.209.217.222 - - [07/Dec/2020:01:18:18 +0000] "POST /wp-load.php?pubkey=f4f6ff0ad91cceac9087b324018e7051&bvTime=1607303896&bvVersion=0.1&bvMethod=getdata&sha1=true&sig=32825647a3cc17ca5d5b26dcbb0b871593e5a387 HTTP/1.0" 200 1954 "-" "Mozilla/5.0 (Windows NT 6.1) AppleWebKit/537.36 (KHTML, like Gecko) Chrome/41.0.2228.0 Safari/537.36"
127.0.0.1 - - [07/Dec/2020:01:30:39 +0000] "POST /wp-cron.php?doing_wp_cron=1607304639.8893940448760986328125 HTTP/1.0" 200 259 "http://wordpress-514809-1634392.cloudwaysapps.com/wp-cron.php?doing_wp_cron=1607304639.8893940448760986328125" "WordPress/5.4.4; https://wordpress-514809-1634392.cloudwaysapps.com"
91.241.19.84 - - [07/Dec/2020:01:30:39 +0000] "GET /vendor/phpunit/phpunit/src/Util/PHP/eval-stdin.php HTTP/1.1" 404 20871 "-" "Mozilla/5.0 (Windows NT 10.0; Win64; x64) AppleWebKit/537.36 (KHTML, like Gecko) Chrome/78.0.3904.108 Safari/537.36"
91.241.19.84 - - [07/Dec/2020:01:30:39 +0000] "POST /api/jsonws/invoke HTTP/1.0" 404 20833 "-" "Mozilla/5.0 (Windows NT 10.0; Win64; x64) AppleWebKit/537.36 (KHTML, like Gecko) Chrome/78.0.3904.108 Safari/537.36"
91.241.19.84 - - [07/Dec/2020:01:30:40 +0000] "GET /?a=fetch&content=<php>die(@md5(HelloThinkCMF))</php> HTTP/1.1" 200 8392 "-" "Mozilla/5.0 (Windows NT 10.0; Win64; x64) AppleWebKit/537.36 (KHTML, like Gecko) Chrome/78.0.3904.108 Safari/537.36"
91.241.19.84 - - [07/Dec/2020:01:30:40 +0000] "GET /?XDEBUG_SESSION_START=phpstorm HTTP/1.1" 200 8392 "-" "Mozilla/5.0 (Windows NT 10.0; Win64; x64) AppleWebKit/537.36 (KHTML, like Gecko) Chrome/78.0.3904.108 Safari/537.36"
91.241.19.84 - - [07/Dec/2020:01:30:40 +0000] "POST /Autodiscover/Autodiscover.xml HTTP/1.0" 404 20833 "-" "Mozilla/5.0 (Windows NT 10.0; Win64; x64) AppleWebKit/537.36 (KHTML, like Gecko) Chrome/78.0.3904.108 Safari/537.36"
91.241.19.84 - - [07/Dec/2020:01:30:40 +0000] "GET /index.php?s=/Index/\\think\\app/invokefunction&function=call_user_func_array&vars[0]=md5&vars[1][]=HelloThinkPHP21 HTTP/1.1" 200 5894 "-" "Mozilla/5.0 (Windows NT 10.0; Win64; x64) AppleWebKit/537.36 (KHTML, like Gecko) Chrome/78.0.3904.108 Safari/537.36"
91.241.19.84 - - [07/Dec/2020:01:30:41 +0000] "GET /wp-content/plugins/wp-file-manager/readme.txt HTTP/1.1" 404 20876 "-" "Mozilla/5.0 (Windows NT 10.0; Win64; x64) AppleWebKit/537.36 (KHTML, like Gecko) Chrome/78.0.3904.108 Safari/537.36"
91.241.19.84 - - [07/Dec/2020:01:30:41 +0000] "GET /console/ HTTP/1.1" 404 20876 "-" "Mozilla/5.0 (Windows NT 10.0; Win64; x64) AppleWebKit/537.36 (KHTML, like Gecko) Chrome/78.0.3904.108 Safari/537.36"
91.241.19.84 - - [07/Dec/2020:01:30:41 +0000] "GET /solr/admin/info/system?wt=json HTTP/1.1" 404 20876 "-" "Mozilla/5.0 (Windows NT 10.0; Win64; x64) AppleWebKit/537.36 (KHTML, like Gecko) Chrome/78.0.3904.108 Safari/537.36"
91.241.19.84 - - [07/Dec/2020:01:30:42 +0000] "POST /vendor/phpunit/phpunit/src/Util/PHP/eval-stdin.php HTTP/1.0" 404 20833 "-" "Mozilla/5.0 (Windows NT 10.0; Win64; x64) AppleWebKit/537.36 (KHTML, like Gecko) Chrome/78.0.3904.108 Safari/537.36"
173.199.118.125 - - [07/Dec/2020:01:32:47 +0000] "POST /wp-load.php?pubkey=f4f6ff0ad91cceac9087b324018e7051&bvTime=1607304766&bvVersion=0.1&bvMethod=getdata&sha1=true&sig=a3a1ad74ebdb5d3c4ee8e45fc970d900564a205c HTTP/1.0" 200 3585 "-" "Mozilla/5.0 (Windows NT 6.1) AppleWebKit/537.36 (KHTML, like Gecko) Chrome/41.0.2228.0 Safari/537.36"
167.99.10.105 - - [07/Dec/2020:01:47:21 +0000] "POST /wp-load.php?pubkey=f4f6ff0ad91cceac9087b324018e7051&bvTime=1607305640&bvVersion=0.1&bvMethod=getdata&sha1=true&sig=cdd4d1cfea6877f7563cb6cd6fbbdb53210ace26 HTTP/1.0" 200 1959 "-" "Mozilla/5.0 (Windows NT 6.1) AppleWebKit/537.36 (KHTML, like Gecko) Chrome/41.0.2228.0 Safari/537.36"
73.22.245.92 - - [07/Dec/2020:01:47:55 +0000] "POST /wp-admin/admin-ajax.php HTTP/1.0" 200 550 "https://wordpress-514809-1634392.cloudwaysapps.com/wp-admin/customize.php" "Mozilla/5.0 (Macintosh; Intel Mac OS X 10_12_6) AppleWebKit/537.36 (KHTML, like Gecko) Chrome/86.0.4240.198 Safari/537.36"
73.22.245.92 - - [07/Dec/2020:01:49:55 +0000] "POST /wp-admin/admin-ajax.php HTTP/1.0" 200 550 "https://wordpress-514809-1634392.cloudwaysapps.com/wp-admin/customize.php" "Mozilla/5.0 (Macintosh; Intel Mac OS X 10_12_6) AppleWebKit/537.36 (KHTML, like Gecko) Chrome/86.0.4240.198 Safari/537.36"
73.22.245.92 - - [07/Dec/2020:01:51:55 +0000] "POST /wp-admin/admin-ajax.php HTTP/1.0" 200 550 "https://wordpress-514809-1634392.cloudwaysapps.com/wp-admin/customize.php" "Mozilla/5.0 (Macintosh; Intel Mac OS X 10_12_6) AppleWebKit/537.36 (KHTML, like Gecko) Chrome/86.0.4240.198 Safari/537.36"
73.22.245.92 - - [07/Dec/2020:01:53:57 +0000] "POST /wp-admin/admin-ajax.php HTTP/1.0" 200 550 "https://wordpress-514809-1634392.cloudwaysapps.com/wp-admin/customize.php" "Mozilla/5.0 (Macintosh; Intel Mac OS X 10_12_6) AppleWebKit/537.36 (KHTML, like Gecko) Chrome/86.0.4240.198 Safari/537.36"
73.22.245.92 - - [07/Dec/2020:01:55:57 +0000] "POST /wp-admin/admin-ajax.php HTTP/1.0" 200 550 "https://wordpress-514809-1634392.cloudwaysapps.com/wp-admin/customize.php" "Mozilla/5.0 (Macintosh; Intel Mac OS X 10_12_6) AppleWebKit/537.36 (KHTML, like Gecko) Chrome/86.0.4240.198 Safari/537.36"
73.22.245.92 - - [07/Dec/2020:01:57:57 +0000] "POST /wp-admin/admin-ajax.php HTTP/1.0" 200 550 "https://wordpress-514809-1634392.cloudwaysapps.com/wp-admin/customize.php" "Mozilla/5.0 (Macintosh; Intel Mac OS X 10_12_6) AppleWebKit/537.36 (KHTML, like Gecko) Chrome/86.0.4240.198 Safari/537.36"
73.22.245.92 - - [07/Dec/2020:01:59:58 +0000] "POST /wp-admin/admin-ajax.php HTTP/1.0" 200 550 "https://wordpress-514809-1634392.cloudwaysapps.com/wp-admin/customize.php" "Mozilla/5.0 (Macintosh; Intel Mac OS X 10_12_6) AppleWebKit/537.36 (KHTML, like Gecko) Chrome/86.0.4240.198 Safari/537.36"
45.63.14.190 - - [07/Dec/2020:02:01:57 +0000] "POST /wp-load.php?pubkey=f4f6ff0ad91cceac9087b324018e7051&bvTime=1607306515&bvVersion=0.1&bvMethod=getdata&sha1=true&sig=c9ff8a9dfce30ea439ce7d5240a9f05509d0aef2 HTTP/1.0" 200 1973 "-" "Mozilla/5.0 (Windows NT 6.1) AppleWebKit/537.36 (KHTML, like Gecko) Chrome/41.0.2228.0 Safari/537.36"
73.22.245.92 - - [07/Dec/2020:02:01:59 +0000] "POST /wp-admin/admin-ajax.php HTTP/1.0" 200 550 "https://wordpress-514809-1634392.cloudwaysapps.com/wp-admin/customize.php" "Mozilla/5.0 (Macintosh; Intel Mac OS X 10_12_6) AppleWebKit/537.36 (KHTML, like Gecko) Chrome/86.0.4240.198 Safari/537.36"
73.22.245.92 - - [07/Dec/2020:02:03:59 +0000] "POST /wp-admin/admin-ajax.php HTTP/1.0" 200 550 "https://wordpress-514809-1634392.cloudwaysapps.com/wp-admin/customize.php" "Mozilla/5.0 (Macintosh; Intel Mac OS X 10_12_6) AppleWebKit/537.36 (KHTML, like Gecko) Chrome/86.0.4240.198 Safari/537.36"
73.22.245.92 - - [07/Dec/2020:02:05:59 +0000] "POST /wp-admin/admin-ajax.php HTTP/1.0" 200 550 "https://wordpress-514809-1634392.cloudwaysapps.com/wp-admin/customize.php" "Mozilla/5.0 (Macintosh; Intel Mac OS X 10_12_6) AppleWebKit/537.36 (KHTML, like Gecko) Chrome/86.0.4240.198 Safari/537.36"
73.22.245.92 - - [07/Dec/2020:02:08:01 +0000] "POST /wp-admin/admin-ajax.php HTTP/1.0" 200 550 "https://wordpress-514809-1634392.cloudwaysapps.com/wp-admin/customize.php" "Mozilla/5.0 (Macintosh; Intel Mac OS X 10_12_6) AppleWebKit/537.36 (KHTML, like Gecko) Chrome/86.0.4240.198 Safari/537.36"
73.22.245.92 - - [07/Dec/2020:02:10:01 +0000] "POST /wp-admin/admin-ajax.php HTTP/1.0" 200 550 "https://wordpress-514809-1634392.cloudwaysapps.com/wp-admin/customize.php" "Mozilla/5.0 (Macintosh; Intel Mac OS X 10_12_6) AppleWebKit/537.36 (KHTML, like Gecko) Chrome/86.0.4240.198 Safari/537.36"
73.22.245.92 - - [07/Dec/2020:02:12:02 +0000] "POST /wp-admin/admin-ajax.php HTTP/1.0" 200 550 "https://wordpress-514809-1634392.cloudwaysapps.com/wp-admin/customize.php" "Mozilla/5.0 (Macintosh; Intel Mac OS X 10_12_6) AppleWebKit/537.36 (KHTML, like Gecko) Chrome/86.0.4240.198 Safari/537.36"
73.22.245.92 - - [07/Dec/2020:02:14:02 +0000] "POST /wp-admin/admin-ajax.php HTTP/1.0" 200 550 "https://wordpress-514809-1634392.cloudwaysapps.com/wp-admin/customize.php" "Mozilla/5.0 (Macintosh; Intel Mac OS X 10_12_6) AppleWebKit/537.36 (KHTML, like Gecko) Chrome/86.0.4240.198 Safari/537.36"
73.22.245.92 - - [07/Dec/2020:02:16:04 +0000] "POST /wp-admin/admin-ajax.php HTTP/1.0" 200 550 "https://wordpress-514809-1634392.cloudwaysapps.com/wp-admin/customize.php" "Mozilla/5.0 (Macintosh; Intel Mac OS X 10_12_6) AppleWebKit/537.36 (KHTML, like Gecko) Chrome/86.0.4240.198 Safari/537.36"
208.167.242.228 - - [07/Dec/2020:02:16:32 +0000] "POST /wp-load.php?pubkey=f4f6ff0ad91cceac9087b324018e7051&bvTime=1607307390&bvVersion=0.1&bvMethod=getdata&sha1=true&sig=9a05532a0e65fe64cd0d138df085cd593be0184e HTTP/1.0" 200 1950 "-" "Mozilla/5.0 (Windows NT 6.1) AppleWebKit/537.36 (KHTML, like Gecko) Chrome/41.0.2228.0 Safari/537.36"
73.22.245.92 - - [07/Dec/2020:02:18:04 +0000] "POST /wp-admin/admin-ajax.php HTTP/1.0" 200 550 "https://wordpress-514809-1634392.cloudwaysapps.com/wp-admin/customize.php" "Mozilla/5.0 (Macintosh; Intel Mac OS X 10_12_6) AppleWebKit/537.36 (KHTML, like Gecko) Chrome/86.0.4240.198 Safari/537.36"
73.22.245.92 - - [07/Dec/2020:02:20:05 +0000] "POST /wp-admin/admin-ajax.php HTTP/1.0" 200 550 "https://wordpress-514809-1634392.cloudwaysapps.com/wp-admin/customize.php" "Mozilla/5.0 (Macintosh; Intel Mac OS X 10_12_6) AppleWebKit/537.36 (KHTML, like Gecko) Chrome/86.0.4240.198 Safari/537.36"
73.22.245.92 - - [07/Dec/2020:02:22:05 +0000] "POST /wp-admin/admin-ajax.php HTTP/1.0" 200 550 "https://wordpress-514809-1634392.cloudwaysapps.com/wp-admin/customize.php" "Mozilla/5.0 (Macintosh; Intel Mac OS X 10_12_6) AppleWebKit/537.36 (KHTML, like Gecko) Chrome/86.0.4240.198 Safari/537.36"
73.22.245.92 - - [07/Dec/2020:02:24:06 +0000] "POST /wp-admin/admin-ajax.php HTTP/1.0" 200 550 "https://wordpress-514809-1634392.cloudwaysapps.com/wp-admin/customize.php" "Mozilla/5.0 (Macintosh; Intel Mac OS X 10_12_6) AppleWebKit/537.36 (KHTML, like Gecko) Chrome/86.0.4240.198 Safari/537.36"
73.22.245.92 - - [07/Dec/2020:02:26:06 +0000] "POST /wp-admin/admin-ajax.php HTTP/1.0" 200 550 "https://wordpress-514809-1634392.cloudwaysapps.com/wp-admin/customize.php" "Mozilla/5.0 (Macintosh; Intel Mac OS X 10_12_6) AppleWebKit/537.36 (KHTML, like Gecko) Chrome/86.0.4240.198 Safari/537.36"
73.22.245.92 - - [07/Dec/2020:02:28:07 +0000] "POST /wp-admin/admin-ajax.php HTTP/1.0" 200 550 "https://wordpress-514809-1634392.cloudwaysapps.com/wp-admin/customize.php" "Mozilla/5.0 (Macintosh; Intel Mac OS X 10_12_6) AppleWebKit/537.36 (KHTML, like Gecko) Chrome/86.0.4240.198 Safari/537.36"
73.22.245.92 - - [07/Dec/2020:02:30:08 +0000] "POST /wp-admin/admin-ajax.php HTTP/1.0" 200 550 "https://wordpress-514809-1634392.cloudwaysapps.com/wp-admin/customize.php" "Mozilla/5.0 (Macintosh; Intel Mac OS X 10_12_6) AppleWebKit/537.36 (KHTML, like Gecko) Chrome/86.0.4240.198 Safari/537.36"
161.35.125.81 - - [07/Dec/2020:02:31:16 +0000] "POST /wp-load.php?pubkey=f4f6ff0ad91cceac9087b324018e7051&bvTime=1607308275&bvVersion=0.1&bvMethod=getdata&sha1=true&sig=5efe4882450cf32c23f7ab8db4c479e9030fcabd HTTP/1.0" 200 1958 "-" "Mozilla/5.0 (Windows NT 6.1) AppleWebKit/537.36 (KHTML, like Gecko) Chrome/41.0.2228.0 Safari/537.36"
73.22.245.92 - - [07/Dec/2020:02:32:08 +0000] "POST /wp-admin/admin-ajax.php HTTP/1.0" 200 550 "https://wordpress-514809-1634392.cloudwaysapps.com/wp-admin/customize.php" "Mozilla/5.0 (Macintosh; Intel Mac OS X 10_12_6) AppleWebKit/537.36 (KHTML, like Gecko) Chrome/86.0.4240.198 Safari/537.36"
73.22.245.92 - - [07/Dec/2020:02:34:09 +0000] "POST /wp-admin/admin-ajax.php HTTP/1.0" 200 550 "https://wordpress-514809-1634392.cloudwaysapps.com/wp-admin/customize.php" "Mozilla/5.0 (Macintosh; Intel Mac OS X 10_12_6) AppleWebKit/537.36 (KHTML, like Gecko) Chrome/86.0.4240.198 Safari/537.36"
73.22.245.92 - - [07/Dec/2020:02:36:10 +0000] "POST /wp-admin/admin-ajax.php HTTP/1.0" 200 550 "https://wordpress-514809-1634392.cloudwaysapps.com/wp-admin/customize.php" "Mozilla/5.0 (Macintosh; Intel Mac OS X 10_12_6) AppleWebKit/537.36 (KHTML, like Gecko) Chrome/86.0.4240.198 Safari/537.36"
73.22.245.92 - - [07/Dec/2020:02:38:11 +0000] "POST /wp-admin/admin-ajax.php HTTP/1.0" 200 550 "https://wordpress-514809-1634392.cloudwaysapps.com/wp-admin/customize.php" "Mozilla/5.0 (Macintosh; Intel Mac OS X 10_12_6) AppleWebKit/537.36 (KHTML, like Gecko) Chrome/86.0.4240.198 Safari/537.36"
127.0.0.1 - - [07/Dec/2020:02:40:00 +0000] "POST /wp-cron.php?doing_wp_cron=1607308800.1675930023193359375000 HTTP/1.0" 200 259 "http://wordpress-514809-1634392.cloudwaysapps.com/wp-cron.php?doing_wp_cron=1607308800.1675930023193359375000" "WordPress/5.4.4; https://wordpress-514809-1634392.cloudwaysapps.com"
185.239.242.178 - - [07/Dec/2020:02:40:00 +0000] "POST /boaform/admin/formLogin HTTP/1.0" 404 20833 "http://159.89.87.20:80/admin/login.asp" "Mozilla/5.0 (X11; Ubuntu; Linux x86_64; rv:71.0) Gecko/20100101 Firefox/71.0"
73.22.245.92 - - [07/Dec/2020:02:40:12 +0000] "POST /wp-admin/admin-ajax.php HTTP/1.0" 200 550 "https://wordpress-514809-1634392.cloudwaysapps.com/wp-admin/customize.php" "Mozilla/5.0 (Macintosh; Intel Mac OS X 10_12_6) AppleWebKit/537.36 (KHTML, like Gecko) Chrome/86.0.4240.198 Safari/537.36"
73.22.245.92 - - [07/Dec/2020:02:42:13 +0000] "POST /wp-admin/admin-ajax.php HTTP/1.0" 200 550 "https://wordpress-514809-1634392.cloudwaysapps.com/wp-admin/customize.php" "Mozilla/5.0 (Macintosh; Intel Mac OS X 10_12_6) AppleWebKit/537.36 (KHTML, like Gecko) Chrome/86.0.4240.198 Safari/537.36"
73.22.245.92 - - [07/Dec/2020:02:44:14 +0000] "POST /wp-admin/admin-ajax.php HTTP/1.0" 200 550 "https://wordpress-514809-1634392.cloudwaysapps.com/wp-admin/customize.php" "Mozilla/5.0 (Macintosh; Intel Mac OS X 10_12_6) AppleWebKit/537.36 (KHTML, like Gecko) Chrome/86.0.4240.198 Safari/537.36"
73.22.245.92 - - [07/Dec/2020:02:46:15 +0000] "POST /wp-admin/admin-ajax.php HTTP/1.0" 200 550 "https://wordpress-514809-1634392.cloudwaysapps.com/wp-admin/customize.php" "Mozilla/5.0 (Macintosh; Intel Mac OS X 10_12_6) AppleWebKit/537.36 (KHTML, like Gecko) Chrome/86.0.4240.198 Safari/537.36"
134.209.125.7 - - [07/Dec/2020:02:46:21 +0000] "POST /wp-load.php?pubkey=f4f6ff0ad91cceac9087b324018e7051&bvTime=1607309173&bvVersion=0.1&bvMethod=getdata&sha1=true&sig=39cf481a7a892d51eb17a901819e55d56485ca82 HTTP/1.0" 200 2520 "-" "Mozilla/5.0 (Windows NT 6.1) AppleWebKit/537.36 (KHTML, like Gecko) Chrome/41.0.2228.0 Safari/537.36"
73.22.245.92 - - [07/Dec/2020:02:48:16 +0000] "POST /wp-admin/admin-ajax.php HTTP/1.0" 200 550 "https://wordpress-514809-1634392.cloudwaysapps.com/wp-admin/customize.php" "Mozilla/5.0 (Macintosh; Intel Mac OS X 10_12_6) AppleWebKit/537.36 (KHTML, like Gecko) Chrome/86.0.4240.198 Safari/537.36"
73.22.245.92 - - [07/Dec/2020:02:50:17 +0000] "POST /wp-admin/admin-ajax.php HTTP/1.0" 200 550 "https://wordpress-514809-1634392.cloudwaysapps.com/wp-admin/customize.php" "Mozilla/5.0 (Macintosh; Intel Mac OS X 10_12_6) AppleWebKit/537.36 (KHTML, like Gecko) Chrome/86.0.4240.198 Safari/537.36"
73.22.245.92 - - [07/Dec/2020:02:52:18 +0000] "POST /wp-admin/admin-ajax.php HTTP/1.0" 200 550 "https://wordpress-514809-1634392.cloudwaysapps.com/wp-admin/customize.php" "Mozilla/5.0 (Macintosh; Intel Mac OS X 10_12_6) AppleWebKit/537.36 (KHTML, like Gecko) Chrome/86.0.4240.198 Safari/537.36"
73.22.245.92 - - [07/Dec/2020:02:54:18 +0000] "POST /wp-admin/admin-ajax.php HTTP/1.0" 200 550 "https://wordpress-514809-1634392.cloudwaysapps.com/wp-admin/customize.php" "Mozilla/5.0 (Macintosh; Intel Mac OS X 10_12_6) AppleWebKit/537.36 (KHTML, like Gecko) Chrome/86.0.4240.198 Safari/537.36"
73.22.245.92 - - [07/Dec/2020:02:56:19 +0000] "POST /wp-admin/admin-ajax.php HTTP/1.0" 200 550 "https://wordpress-514809-1634392.cloudwaysapps.com/wp-admin/customize.php" "Mozilla/5.0 (Macintosh; Intel Mac OS X 10_12_6) AppleWebKit/537.36 (KHTML, like Gecko) Chrome/86.0.4240.198 Safari/537.36"
73.22.245.92 - - [07/Dec/2020:02:58:20 +0000] "POST /wp-admin/admin-ajax.php HTTP/1.0" 200 550 "https://wordpress-514809-1634392.cloudwaysapps.com/wp-admin/customize.php" "Mozilla/5.0 (Macintosh; Intel Mac OS X 10_12_6) AppleWebKit/537.36 (KHTML, like Gecko) Chrome/86.0.4240.198 Safari/537.36"
73.22.245.92 - - [07/Dec/2020:03:00:21 +0000] "POST /wp-admin/admin-ajax.php HTTP/1.0" 200 550 "https://wordpress-514809-1634392.cloudwaysapps.com/wp-admin/customize.php" "Mozilla/5.0 (Macintosh; Intel Mac OS X 10_12_6) AppleWebKit/537.36 (KHTML, like Gecko) Chrome/86.0.4240.198 Safari/537.36"
207.246.90.100 - - [07/Dec/2020:03:00:54 +0000] "POST /wp-load.php?pubkey=f4f6ff0ad91cceac9087b324018e7051&bvTime=1607310051&bvVersion=0.1&bvMethod=getdata&sha1=true&sig=3861f7abe78419b2569da338488f086b5682a3c9 HTTP/1.0" 200 1983 "-" "Mozilla/5.0 (Windows NT 6.1) AppleWebKit/537.36 (KHTML, like Gecko) Chrome/41.0.2228.0 Safari/537.36"
73.22.245.92 - - [07/Dec/2020:03:02:21 +0000] "POST /wp-admin/admin-ajax.php HTTP/1.0" 200 550 "https://wordpress-514809-1634392.cloudwaysapps.com/wp-admin/customize.php" "Mozilla/5.0 (Macintosh; Intel Mac OS X 10_12_6) AppleWebKit/537.36 (KHTML, like Gecko) Chrome/86.0.4240.198 Safari/537.36"
73.22.245.92 - - [07/Dec/2020:03:04:22 +0000] "POST /wp-admin/admin-ajax.php HTTP/1.0" 200 550 "https://wordpress-514809-1634392.cloudwaysapps.com/wp-admin/customize.php" "Mozilla/5.0 (Macintosh; Intel Mac OS X 10_12_6) AppleWebKit/537.36 (KHTML, like Gecko) Chrome/86.0.4240.198 Safari/537.36"
73.22.245.92 - - [07/Dec/2020:03:06:23 +0000] "POST /wp-admin/admin-ajax.php HTTP/1.0" 200 550 "https://wordpress-514809-1634392.cloudwaysapps.com/wp-admin/customize.php" "Mozilla/5.0 (Macintosh; Intel Mac OS X 10_12_6) AppleWebKit/537.36 (KHTML, like Gecko) Chrome/86.0.4240.198 Safari/537.36"
73.22.245.92 - - [07/Dec/2020:03:08:24 +0000] "POST /wp-admin/admin-ajax.php HTTP/1.0" 200 550 "https://wordpress-514809-1634392.cloudwaysapps.com/wp-admin/customize.php" "Mozilla/5.0 (Macintosh; Intel Mac OS X 10_12_6) AppleWebKit/537.36 (KHTML, like Gecko) Chrome/86.0.4240.198 Safari/537.36"
73.22.245.92 - - [07/Dec/2020:03:10:24 +0000] "POST /wp-admin/admin-ajax.php HTTP/1.0" 200 550 "https://wordpress-514809-1634392.cloudwaysapps.com/wp-admin/customize.php" "Mozilla/5.0 (Macintosh; Intel Mac OS X 10_12_6) AppleWebKit/537.36 (KHTML, like Gecko) Chrome/86.0.4240.198 Safari/537.36"
73.22.245.92 - - [07/Dec/2020:03:12:25 +0000] "POST /wp-admin/admin-ajax.php HTTP/1.0" 200 550 "https://wordpress-514809-1634392.cloudwaysapps.com/wp-admin/customize.php" "Mozilla/5.0 (Macintosh; Intel Mac OS X 10_12_6) AppleWebKit/537.36 (KHTML, like Gecko) Chrome/86.0.4240.198 Safari/537.36"
73.22.245.92 - - [07/Dec/2020:03:14:25 +0000] "POST /wp-admin/admin-ajax.php HTTP/1.0" 200 550 "https://wordpress-514809-1634392.cloudwaysapps.com/wp-admin/customize.php" "Mozilla/5.0 (Macintosh; Intel Mac OS X 10_12_6) AppleWebKit/537.36 (KHTML, like Gecko) Chrome/86.0.4240.198 Safari/537.36"
159.89.236.13 - - [07/Dec/2020:03:15:36 +0000] "POST /wp-load.php?pubkey=f4f6ff0ad91cceac9087b324018e7051&bvTime=1607310933&bvVersion=0.1&bvMethod=getdata&sha1=true&sig=2cc3680e3bc447fe70793cd6e485d8ff541692ee HTTP/1.0" 200 1953 "-" "Mozilla/5.0 (Windows NT 6.1) AppleWebKit/537.36 (KHTML, like Gecko) Chrome/41.0.2228.0 Safari/537.36"
157.230.90.105 - - [07/Dec/2020:03:30:38 +0000] "POST /wp-load.php?pubkey=f4f6ff0ad91cceac9087b324018e7051&bvTime=1607311836&bvVersion=0.1&bvMethod=getdata&sha1=true&sig=258340a36a81dcf49b39f4dc891441764c190a11 HTTP/1.0" 200 1976 "-" "Mozilla/5.0 (Windows NT 6.1) AppleWebKit/537.36 (KHTML, like Gecko) Chrome/41.0.2228.0 Safari/537.36"
109.94.120.164 - - [07/Dec/2020:03:34:04 +0000] "GET / HTTP/1.1" 200 8262 "-" "Mozilla/5.0 (Windows NT 10.0; WOW64) AppleWebKit/537.36 (KHTML, like Gecko) Chrome/51.0.2704.103 Safari/537.36"
73.22.245.92 - - [07/Dec/2020:03:41:10 +0000] "POST /wp-admin/admin-ajax.php HTTP/1.0" 200 550 "https://wordpress-514809-1634392.cloudwaysapps.com/wp-admin/customize.php" "Mozilla/5.0 (Macintosh; Intel Mac OS X 10_12_6) AppleWebKit/537.36 (KHTML, like Gecko) Chrome/86.0.4240.198 Safari/537.36"
73.22.245.92 - - [07/Dec/2020:03:43:10 +0000] "POST /wp-admin/admin-ajax.php HTTP/1.0" 200 550 "https://wordpress-514809-1634392.cloudwaysapps.com/wp-admin/customize.php" "Mozilla/5.0 (Macintosh; Intel Mac OS X 10_12_6) AppleWebKit/537.36 (KHTML, like Gecko) Chrome/86.0.4240.198 Safari/537.36"
73.22.245.92 - - [07/Dec/2020:03:45:10 +0000] "POST /wp-admin/admin-ajax.php HTTP/1.0" 200 550 "https://wordpress-514809-1634392.cloudwaysapps.com/wp-admin/customize.php" "Mozilla/5.0 (Macintosh; Intel Mac OS X 10_12_6) AppleWebKit/537.36 (KHTML, like Gecko) Chrome/86.0.4240.198 Safari/537.36"
149.28.224.205 - - [07/Dec/2020:03:46:13 +0000] "POST /wp-load.php?pubkey=f4f6ff0ad91cceac9087b324018e7051&bvTime=1607312765&bvVersion=0.1&bvMethod=getdata&sha1=true&sig=e0165a9aa69693abaca8e38b2d33bb730f34f336 HTTP/1.0" 200 2206 "-" "Mozilla/5.0 (Windows NT 6.1) AppleWebKit/537.36 (KHTML, like Gecko) Chrome/41.0.2228.0 Safari/537.36"
73.22.245.92 - - [07/Dec/2020:03:47:11 +0000] "POST /wp-admin/admin-ajax.php HTTP/1.0" 200 550 "https://wordpress-514809-1634392.cloudwaysapps.com/wp-admin/customize.php" "Mozilla/5.0 (Macintosh; Intel Mac OS X 10_12_6) AppleWebKit/537.36 (KHTML, like Gecko) Chrome/86.0.4240.198 Safari/537.36"
73.22.245.92 - - [07/Dec/2020:03:49:12 +0000] "POST /wp-admin/admin-ajax.php HTTP/1.0" 200 550 "https://wordpress-514809-1634392.cloudwaysapps.com/wp-admin/customize.php" "Mozilla/5.0 (Macintosh; Intel Mac OS X 10_12_6) AppleWebKit/537.36 (KHTML, like Gecko) Chrome/86.0.4240.198 Safari/537.36"
73.22.245.92 - - [07/Dec/2020:03:51:13 +0000] "POST /wp-admin/admin-ajax.php HTTP/1.0" 200 550 "https://wordpress-514809-1634392.cloudwaysapps.com/wp-admin/customize.php" "Mozilla/5.0 (Macintosh; Intel Mac OS X 10_12_6) AppleWebKit/537.36 (KHTML, like Gecko) Chrome/86.0.4240.198 Safari/537.36"
73.22.245.92 - - [07/Dec/2020:03:53:13 +0000] "POST /wp-admin/admin-ajax.php HTTP/1.0" 200 550 "https://wordpress-514809-1634392.cloudwaysapps.com/wp-admin/customize.php" "Mozilla/5.0 (Macintosh; Intel Mac OS X 10_12_6) AppleWebKit/537.36 (KHTML, like Gecko) Chrome/86.0.4240.198 Safari/537.36"
73.22.245.92 - - [07/Dec/2020:03:55:13 +0000] "POST /wp-admin/admin-ajax.php HTTP/1.0" 200 550 "https://wordpress-514809-1634392.cloudwaysapps.com/wp-admin/customize.php" "Mozilla/5.0 (Macintosh; Intel Mac OS X 10_12_6) AppleWebKit/537.36 (KHTML, like Gecko) Chrome/86.0.4240.198 Safari/537.36"
73.22.245.92 - - [07/Dec/2020:03:57:14 +0000] "POST /wp-admin/admin-ajax.php HTTP/1.0" 200 550 "https://wordpress-514809-1634392.cloudwaysapps.com/wp-admin/customize.php" "Mozilla/5.0 (Macintosh; Intel Mac OS X 10_12_6) AppleWebKit/537.36 (KHTML, like Gecko) Chrome/86.0.4240.198 Safari/537.36"
73.22.245.92 - - [07/Dec/2020:03:59:14 +0000] "POST /wp-admin/admin-ajax.php HTTP/1.0" 200 550 "https://wordpress-514809-1634392.cloudwaysapps.com/wp-admin/customize.php" "Mozilla/5.0 (Macintosh; Intel Mac OS X 10_12_6) AppleWebKit/537.36 (KHTML, like Gecko) Chrome/86.0.4240.198 Safari/537.36"
73.22.245.92 - - [07/Dec/2020:04:01:15 +0000] "POST /wp-admin/admin-ajax.php HTTP/1.0" 200 550 "https://wordpress-514809-1634392.cloudwaysapps.com/wp-admin/customize.php" "Mozilla/5.0 (Macintosh; Intel Mac OS X 10_12_6) AppleWebKit/537.36 (KHTML, like Gecko) Chrome/86.0.4240.198 Safari/537.36"
142.93.192.146 - - [07/Dec/2020:04:01:27 +0000] "POST /wp-load.php?pubkey=f4f6ff0ad91cceac9087b324018e7051&bvTime=1607313686&bvVersion=0.1&bvMethod=getdata&sha1=true&sig=e301111543907180fc366fc9867f205996714ea3 HTTP/1.0" 200 1950 "-" "Mozilla/5.0 (Windows NT 6.1) AppleWebKit/537.36 (KHTML, like Gecko) Chrome/41.0.2228.0 Safari/537.36"
73.22.245.92 - - [07/Dec/2020:04:03:15 +0000] "POST /wp-admin/admin-ajax.php HTTP/1.0" 200 550 "https://wordpress-514809-1634392.cloudwaysapps.com/wp-admin/customize.php" "Mozilla/5.0 (Macintosh; Intel Mac OS X 10_12_6) AppleWebKit/537.36 (KHTML, like Gecko) Chrome/86.0.4240.198 Safari/537.36"
73.22.245.92 - - [07/Dec/2020:04:05:15 +0000] "POST /wp-admin/admin-ajax.php HTTP/1.0" 200 550 "https://wordpress-514809-1634392.cloudwaysapps.com/wp-admin/customize.php" "Mozilla/5.0 (Macintosh; Intel Mac OS X 10_12_6) AppleWebKit/537.36 (KHTML, like Gecko) Chrome/86.0.4240.198 Safari/537.36"
73.22.245.92 - - [07/Dec/2020:04:07:15 +0000] "POST /wp-admin/admin-ajax.php HTTP/1.0" 200 550 "https://wordpress-514809-1634392.cloudwaysapps.com/wp-admin/customize.php" "Mozilla/5.0 (Macintosh; Intel Mac OS X 10_12_6) AppleWebKit/537.36 (KHTML, like Gecko) Chrome/86.0.4240.198 Safari/537.36"
73.22.245.92 - - [07/Dec/2020:04:09:15 +0000] "POST /wp-admin/admin-ajax.php HTTP/1.0" 200 550 "https://wordpress-514809-1634392.cloudwaysapps.com/wp-admin/customize.php" "Mozilla/5.0 (Macintosh; Intel Mac OS X 10_12_6) AppleWebKit/537.36 (KHTML, like Gecko) Chrome/86.0.4240.198 Safari/537.36"
73.22.245.92 - - [07/Dec/2020:04:11:16 +0000] "POST /wp-admin/admin-ajax.php HTTP/1.0" 200 550 "https://wordpress-514809-1634392.cloudwaysapps.com/wp-admin/customize.php" "Mozilla/5.0 (Macintosh; Intel Mac OS X 10_12_6) AppleWebKit/537.36 (KHTML, like Gecko) Chrome/86.0.4240.198 Safari/537.36"
73.22.245.92 - - [07/Dec/2020:04:13:16 +0000] "POST /wp-admin/admin-ajax.php HTTP/1.0" 200 550 "https://wordpress-514809-1634392.cloudwaysapps.com/wp-admin/customize.php" "Mozilla/5.0 (Macintosh; Intel Mac OS X 10_12_6) AppleWebKit/537.36 (KHTML, like Gecko) Chrome/86.0.4240.198 Safari/537.36"
73.22.245.92 - - [07/Dec/2020:04:15:16 +0000] "POST /wp-admin/admin-ajax.php HTTP/1.0" 200 550 "https://wordpress-514809-1634392.cloudwaysapps.com/wp-admin/customize.php" "Mozilla/5.0 (Macintosh; Intel Mac OS X 10_12_6) AppleWebKit/537.36 (KHTML, like Gecko) Chrome/86.0.4240.198 Safari/537.36"
167.99.10.105 - - [07/Dec/2020:04:16:45 +0000] "POST /wp-load.php?pubkey=f4f6ff0ad91cceac9087b324018e7051&bvTime=1607314600&bvVersion=0.1&bvMethod=getdata&sha1=true&sig=fe4927b6ef8d79332ee4a36d5094be4c1de4ee1a HTTP/1.0" 200 1952 "-" "Mozilla/5.0 (Windows NT 6.1) AppleWebKit/537.36 (KHTML, like Gecko) Chrome/41.0.2228.0 Safari/537.36"
73.22.245.92 - - [07/Dec/2020:04:17:16 +0000] "POST /wp-admin/admin-ajax.php HTTP/1.0" 200 550 "https://wordpress-514809-1634392.cloudwaysapps.com/wp-admin/customize.php" "Mozilla/5.0 (Macintosh; Intel Mac OS X 10_12_6) AppleWebKit/537.36 (KHTML, like Gecko) Chrome/86.0.4240.198 Safari/537.36"
73.22.245.92 - - [07/Dec/2020:04:19:16 +0000] "POST /wp-admin/admin-ajax.php HTTP/1.0" 200 550 "https://wordpress-514809-1634392.cloudwaysapps.com/wp-admin/customize.php" "Mozilla/5.0 (Macintosh; Intel Mac OS X 10_12_6) AppleWebKit/537.36 (KHTML, like Gecko) Chrome/86.0.4240.198 Safari/537.36"
73.22.245.92 - - [07/Dec/2020:04:21:17 +0000] "POST /wp-admin/admin-ajax.php HTTP/1.0" 200 550 "https://wordpress-514809-1634392.cloudwaysapps.com/wp-admin/customize.php" "Mozilla/5.0 (Macintosh; Intel Mac OS X 10_12_6) AppleWebKit/537.36 (KHTML, like Gecko) Chrome/86.0.4240.198 Safari/537.36"
73.22.245.92 - - [07/Dec/2020:04:23:18 +0000] "POST /wp-admin/admin-ajax.php HTTP/1.0" 200 550 "https://wordpress-514809-1634392.cloudwaysapps.com/wp-admin/customize.php" "Mozilla/5.0 (Macintosh; Intel Mac OS X 10_12_6) AppleWebKit/537.36 (KHTML, like Gecko) Chrome/86.0.4240.198 Safari/537.36"
73.22.245.92 - - [07/Dec/2020:04:25:18 +0000] "POST /wp-admin/admin-ajax.php HTTP/1.0" 200 550 "https://wordpress-514809-1634392.cloudwaysapps.com/wp-admin/customize.php" "Mozilla/5.0 (Macintosh; Intel Mac OS X 10_12_6) AppleWebKit/537.36 (KHTML, like Gecko) Chrome/86.0.4240.198 Safari/537.36"
73.22.245.92 - - [07/Dec/2020:04:27:19 +0000] "POST /wp-admin/admin-ajax.php HTTP/1.0" 200 550 "https://wordpress-514809-1634392.cloudwaysapps.com/wp-admin/customize.php" "Mozilla/5.0 (Macintosh; Intel Mac OS X 10_12_6) AppleWebKit/537.36 (KHTML, like Gecko) Chrome/86.0.4240.198 Safari/537.36"
73.22.245.92 - - [07/Dec/2020:04:29:19 +0000] "POST /wp-admin/admin-ajax.php HTTP/1.0" 200 550 "https://wordpress-514809-1634392.cloudwaysapps.com/wp-admin/customize.php" "Mozilla/5.0 (Macintosh; Intel Mac OS X 10_12_6) AppleWebKit/537.36 (KHTML, like Gecko) Chrome/86.0.4240.198 Safari/537.36"
134.122.117.135 - - [07/Dec/2020:04:31:17 +0000] "POST /wp-load.php?pubkey=f4f6ff0ad91cceac9087b324018e7051&bvTime=1607315474&bvVersion=0.1&bvMethod=getdata&sha1=true&sig=01217d3c03548adfd889348e1628a362ab8ceca0 HTTP/1.0" 200 1971 "-" "Mozilla/5.0 (Windows NT 6.1) AppleWebKit/537.36 (KHTML, like Gecko) Chrome/41.0.2228.0 Safari/537.36"
73.22.245.92 - - [07/Dec/2020:04:31:20 +0000] "POST /wp-admin/admin-ajax.php HTTP/1.0" 200 550 "https://wordpress-514809-1634392.cloudwaysapps.com/wp-admin/customize.php" "Mozilla/5.0 (Macintosh; Intel Mac OS X 10_12_6) AppleWebKit/537.36 (KHTML, like Gecko) Chrome/86.0.4240.198 Safari/537.36"
73.22.245.92 - - [07/Dec/2020:04:33:20 +0000] "POST /wp-admin/admin-ajax.php HTTP/1.0" 200 550 "https://wordpress-514809-1634392.cloudwaysapps.com/wp-admin/customize.php" "Mozilla/5.0 (Macintosh; Intel Mac OS X 10_12_6) AppleWebKit/537.36 (KHTML, like Gecko) Chrome/86.0.4240.198 Safari/537.36"
73.22.245.92 - - [07/Dec/2020:04:35:21 +0000] "POST /wp-admin/admin-ajax.php HTTP/1.0" 200 550 "https://wordpress-514809-1634392.cloudwaysapps.com/wp-admin/customize.php" "Mozilla/5.0 (Macintosh; Intel Mac OS X 10_12_6) AppleWebKit/537.36 (KHTML, like Gecko) Chrome/86.0.4240.198 Safari/537.36"
73.22.245.92 - - [07/Dec/2020:04:37:21 +0000] "POST /wp-admin/admin-ajax.php HTTP/1.0" 200 550 "https://wordpress-514809-1634392.cloudwaysapps.com/wp-admin/customize.php" "Mozilla/5.0 (Macintosh; Intel Mac OS X 10_12_6) AppleWebKit/537.36 (KHTML, like Gecko) Chrome/86.0.4240.198 Safari/537.36"
73.22.245.92 - - [07/Dec/2020:04:39:22 +0000] "POST /wp-admin/admin-ajax.php HTTP/1.0" 200 550 "https://wordpress-514809-1634392.cloudwaysapps.com/wp-admin/customize.php" "Mozilla/5.0 (Macintosh; Intel Mac OS X 10_12_6) AppleWebKit/537.36 (KHTML, like Gecko) Chrome/86.0.4240.198 Safari/537.36"
73.22.245.92 - - [07/Dec/2020:04:41:22 +0000] "POST /wp-admin/admin-ajax.php HTTP/1.0" 200 550 "https://wordpress-514809-1634392.cloudwaysapps.com/wp-admin/customize.php" "Mozilla/5.0 (Macintosh; Intel Mac OS X 10_12_6) AppleWebKit/537.36 (KHTML, like Gecko) Chrome/86.0.4240.198 Safari/537.36"
73.22.245.92 - - [07/Dec/2020:04:43:23 +0000] "POST /wp-admin/admin-ajax.php HTTP/1.0" 200 550 "https://wordpress-514809-1634392.cloudwaysapps.com/wp-admin/customize.php" "Mozilla/5.0 (Macintosh; Intel Mac OS X 10_12_6) AppleWebKit/537.36 (KHTML, like Gecko) Chrome/86.0.4240.198 Safari/537.36"
73.22.245.92 - - [07/Dec/2020:04:45:23 +0000] "POST /wp-admin/admin-ajax.php HTTP/1.0" 200 550 "https://wordpress-514809-1634392.cloudwaysapps.com/wp-admin/customize.php" "Mozilla/5.0 (Macintosh; Intel Mac OS X 10_12_6) AppleWebKit/537.36 (KHTML, like Gecko) Chrome/86.0.4240.198 Safari/537.36"
142.93.192.146 - - [07/Dec/2020:04:46:34 +0000] "POST /wp-load.php?pubkey=f4f6ff0ad91cceac9087b324018e7051&bvTime=1607316383&bvVersion=0.1&bvMethod=getdata&sha1=true&sig=9c9f08ea0f40ec9199d397fac77f3f8476e5c0f2 HTTP/1.0" 200 1962 "-" "Mozilla/5.0 (Windows NT 6.1) AppleWebKit/537.36 (KHTML, like Gecko) Chrome/41.0.2228.0 Safari/537.36"
73.22.245.92 - - [07/Dec/2020:04:47:21 +0000] "POST /wp-admin/admin-ajax.php HTTP/1.0" 200 550 "https://wordpress-514809-1634392.cloudwaysapps.com/wp-admin/customize.php" "Mozilla/5.0 (Macintosh; Intel Mac OS X 10_12_6) AppleWebKit/537.36 (KHTML, like Gecko) Chrome/86.0.4240.198 Safari/537.36"
144.202.0.171 - - [07/Dec/2020:05:01:49 +0000] "POST /wp-load.php?pubkey=f4f6ff0ad91cceac9087b324018e7051&bvTime=1607317303&bvVersion=0.1&bvMethod=getdata&sha1=true&sig=f81151e770a37ae73d7dc126afd44d4fbbfaf450 HTTP/1.0" 200 1950 "-" "Mozilla/5.0 (Windows NT 6.1) AppleWebKit/537.36 (KHTML, like Gecko) Chrome/41.0.2228.0 Safari/537.36"
127.0.0.1 - - [07/Dec/2020:05:11:36 +0000] "POST /wp-cron.php?doing_wp_cron=1607317896.7441000938415527343750 HTTP/1.0" 200 259 "http://wordpress-514809-1634392.cloudwaysapps.com/wp-cron.php?doing_wp_cron=1607317896.7441000938415527343750" "WordPress/5.4.4; https://wordpress-514809-1634392.cloudwaysapps.com"
210.242.86.97 - - [07/Dec/2020:05:11:36 +0000] "GET / HTTP/1.1" 200 8387 "-" "-"
157.230.60.91 - - [07/Dec/2020:05:17:51 +0000] "POST /wp-load.php?pubkey=f4f6ff0ad91cceac9087b324018e7051&bvTime=1607318264&bvVersion=0.1&bvMethod=getdata&sha1=true&sig=e626ce4d3f10f0356924dae5a75c028017bca7de HTTP/1.0" 200 2348 "-" "Mozilla/5.0 (Windows NT 6.1) AppleWebKit/537.36 (KHTML, like Gecko) Chrome/41.0.2228.0 Safari/537.36"
220.132.171.139 - - [07/Dec/2020:05:27:12 +0000] "GET / HTTP/1.1" 200 8392 "-" "Mozilla/5.0"
144.202.0.171 - - [07/Dec/2020:05:32:23 +0000] "POST /wp-load.php?pubkey=f4f6ff0ad91cceac9087b324018e7051&bvTime=1607319141&bvVersion=0.1&bvMethod=getdata&sha1=true&sig=444c07d7ef6ec13c7952a57c05bd4e9e7e335487 HTTP/1.0" 200 2117 "-" "Mozilla/5.0 (Windows NT 6.1) AppleWebKit/537.36 (KHTML, like Gecko) Chrome/41.0.2228.0 Safari/537.36"
161.35.125.81 - - [07/Dec/2020:05:47:00 +0000] "POST /wp-load.php?pubkey=f4f6ff0ad91cceac9087b324018e7051&bvTime=1607320019&bvVersion=0.1&bvMethod=getdata&sha1=true&sig=12420680591e278e8f94f52aee77bd04f748c537 HTTP/1.0" 200 1973 "-" "Mozilla/5.0 (Windows NT 6.1) AppleWebKit/537.36 (KHTML, like Gecko) Chrome/41.0.2228.0 Safari/537.36"
149.28.224.205 - - [07/Dec/2020:06:01:34 +0000] "POST /wp-load.php?pubkey=f4f6ff0ad91cceac9087b324018e7051&bvTime=1607320889&bvVersion=0.1&bvMethod=getdata&sha1=true&sig=9664e1e39f199649b54770100400973a69ac8252 HTTP/1.0" 200 1972 "-" "Mozilla/5.0 (Windows NT 6.1) AppleWebKit/537.36 (KHTML, like Gecko) Chrome/41.0.2228.0 Safari/537.36"
207.246.90.100 - - [07/Dec/2020:06:16:58 +0000] "POST /wp-load.php?pubkey=f4f6ff0ad91cceac9087b324018e7051&bvTime=1607321813&bvVersion=0.1&bvMethod=getdata&sha1=true&sig=6ec36e919614289cee0eeec0ba7569f4d3bab762 HTTP/1.0" 200 1949 "-" "Mozilla/5.0 (Windows NT 6.1) AppleWebKit/537.36 (KHTML, like Gecko) Chrome/41.0.2228.0 Safari/537.36"
127.0.0.1 - - [07/Dec/2020:06:19:06 +0000] "POST /wp-cron.php?doing_wp_cron=1607321946.2181439399719238281250 HTTP/1.0" 200 259 "http://wordpress-514809-1634392.cloudwaysapps.com/wp-cron.php?doing_wp_cron=1607321946.2181439399719238281250" "WordPress/5.4.4; https://wordpress-514809-1634392.cloudwaysapps.com"
2.57.122.186 - - [07/Dec/2020:06:19:06 +0000] "GET /config/getuser?index=0 HTTP/1.1" 404 20876 "-" "Mozilla/5.0 (X11; Ubuntu; Linux x86_64; rv:76.0) Gecko/20100101 Firefox/76.0"
67.205.157.229 - - [07/Dec/2020:06:32:03 +0000] "POST /wp-load.php?pubkey=f4f6ff0ad91cceac9087b324018e7051&bvTime=1607322715&bvVersion=0.1&bvMethod=getdata&sha1=true&sig=45ace5109d32a58addd0b1a028c91c1d408a19cd HTTP/1.0" 200 2434 "-" "Mozilla/5.0 (Windows NT 6.1) AppleWebKit/537.36 (KHTML, like Gecko) Chrome/41.0.2228.0 Safari/537.36"
173.199.118.125 - - [07/Dec/2020:06:46:34 +0000] "POST /wp-load.php?pubkey=f4f6ff0ad91cceac9087b324018e7051&bvTime=1607323594&bvVersion=0.1&bvMethod=getdata&sha1=true&sig=67275ecf8ff898221fac475d105890072b84ad64 HTTP/1.0" 200 1949 "-" "Mozilla/5.0 (Windows NT 6.1) AppleWebKit/537.36 (KHTML, like Gecko) Chrome/41.0.2228.0 Safari/537.36"
157.230.90.105 - - [07/Dec/2020:07:01:09 +0000] "POST /wp-load.php?pubkey=f4f6ff0ad91cceac9087b324018e7051&bvTime=1607324468&bvVersion=0.1&bvMethod=getdata&sha1=true&sig=e93164119f28a52f66ce8bebec4e5f1f41776b19 HTTP/1.0" 200 1963 "-" "Mozilla/5.0 (Windows NT 6.1) AppleWebKit/537.36 (KHTML, like Gecko) Chrome/41.0.2228.0 Safari/537.36"
161.35.95.45 - - [07/Dec/2020:07:15:50 +0000] "POST /wp-load.php?pubkey=f4f6ff0ad91cceac9087b324018e7051&bvTime=1607325349&bvVersion=0.1&bvMethod=getdata&sha1=true&sig=25d587cb79b9631a9523741aaebd6605e14c4e5e HTTP/1.0" 200 1952 "-" "Mozilla/5.0 (Windows NT 6.1) AppleWebKit/537.36 (KHTML, like Gecko) Chrome/41.0.2228.0 Safari/537.36"
45.63.11.110 - - [07/Dec/2020:07:30:28 +0000] "POST /wp-load.php?pubkey=f4f6ff0ad91cceac9087b324018e7051&bvTime=1607326227&bvVersion=0.1&bvMethod=getdata&sha1=true&sig=d6d7536a4b0c9118f6c831a1f27ede3661817914 HTTP/1.0" 200 1951 "-" "Mozilla/5.0 (Windows NT 6.1) AppleWebKit/537.36 (KHTML, like Gecko) Chrome/41.0.2228.0 Safari/537.36"
157.230.60.91 - - [07/Dec/2020:07:54:00 +0000] "POST /wp-load.php?pubkey=f4f6ff0ad91cceac9087b324018e7051&bvTime=1607327639&bvVersion=0.1&bvMethod=getdata&sha1=true&sig=48b008138f8ad19419ef5ad2ad7c39a9f6b0f1e8 HTTP/1.0" 200 1951 "-" "Mozilla/5.0 (Windows NT 6.1) AppleWebKit/537.36 (KHTML, like Gecko) Chrome/41.0.2228.0 Safari/537.36"
