208.167.242.228 - - [07/Dec/2020:07:54:07 +0000] "POST /wp-load.php?pubkey=f4f6ff0ad91cceac9087b324018e7051&bvTime=1607327646&bvVersion=0.1&bvMethod=getdata&sha1=true&sig=f619082e306f97d9a203937ad665e94928e215c1 HTTP/1.0" 200 1970 "-" "Mozilla/5.0 (Windows NT 6.1) AppleWebKit/537.36 (KHTML, like Gecko) Chrome/41.0.2228.0 Safari/537.36"
127.0.0.1 - - [07/Dec/2020:08:06:48 +0000] "POST /wp-cron.php?doing_wp_cron=1607328408.6998651027679443359375 HTTP/1.0" 200 259 "https://wordpress-514809-1634392.cloudwaysapps.com/wp-cron.php?doing_wp_cron=1607328408.6998651027679443359375" "WordPress/5.4.4; https://wordpress-514809-1634392.cloudwaysapps.com"
162.142.125.54 - - [07/Dec/2020:08:06:48 +0000] "GET / HTTP/1.1" 200 8389 "-" "-"
45.77.97.238 - - [07/Dec/2020:08:12:13 +0000] "POST /wp-load.php?pubkey=f4f6ff0ad91cceac9087b324018e7051&bvTime=1607328725&bvVersion=0.1&bvMethod=getdata&sha1=true&sig=472c8fe71d83676319ffb2d91d4b829e592d662e HTTP/1.0" 200 2448 "-" "Mozilla/5.0 (Windows NT 6.1) AppleWebKit/537.36 (KHTML, like Gecko) Chrome/41.0.2228.0 Safari/537.36"
134.209.217.222 - - [07/Dec/2020:08:27:19 +0000] "POST /wp-load.php?pubkey=f4f6ff0ad91cceac9087b324018e7051&bvTime=1607329638&bvVersion=0.1&bvMethod=getdata&sha1=true&sig=7310a6e617a98a4360d6f2c449649101f011cd35 HTTP/1.0" 200 1952 "-" "Mozilla/5.0 (Windows NT 6.1) AppleWebKit/537.36 (KHTML, like Gecko) Chrome/41.0.2228.0 Safari/537.36"
208.167.242.228 - - [07/Dec/2020:08:43:53 +0000] "POST /wp-load.php?pubkey=f4f6ff0ad91cceac9087b324018e7051&bvTime=1607330623&bvVersion=0.1&bvMethod=getdata&sha1=true&sig=c19a180d28e1602221db7c866bacecac04a12516 HTTP/1.0" 200 1958 "-" "Mozilla/5.0 (Windows NT 6.1) AppleWebKit/537.36 (KHTML, like Gecko) Chrome/41.0.2228.0 Safari/537.36"
142.93.192.146 - - [07/Dec/2020:09:01:48 +0000] "POST /wp-load.php?pubkey=f4f6ff0ad91cceac9087b324018e7051&bvTime=1607331702&bvVersion=0.1&bvMethod=getdata&sha1=true&sig=2871e22c92b7e1e98a9cf069eee0fcee6f3015c5 HTTP/1.0" 200 1957 "-" "Mozilla/5.0 (Windows NT 6.1) AppleWebKit/537.36 (KHTML, like Gecko) Chrome/41.0.2228.0 Safari/537.36"
161.35.125.81 - - [07/Dec/2020:09:18:54 +0000] "POST /wp-load.php?pubkey=f4f6ff0ad91cceac9087b324018e7051&bvTime=1607332728&bvVersion=0.1&bvMethod=getdata&sha1=true&sig=cdbd8768396b96d76693df01d885457bfef640f8 HTTP/1.0" 200 1950 "-" "Mozilla/5.0 (Windows NT 6.1) AppleWebKit/537.36 (KHTML, like Gecko) Chrome/41.0.2228.0 Safari/537.36"
167.248.133.55 - - [07/Dec/2020:09:30:36 +0000] "GET / HTTP/1.1" 200 8262 "-" "-"
45.63.11.110 - - [07/Dec/2020:09:37:20 +0000] "POST /wp-load.php?pubkey=f4f6ff0ad91cceac9087b324018e7051&bvTime=1607333839&bvVersion=0.1&bvMethod=getdata&sha1=true&sig=4bad6ee20c18415748b7e805c75c75e068f0fd92 HTTP/1.0" 200 2110 "-" "Mozilla/5.0 (Windows NT 6.1) AppleWebKit/537.36 (KHTML, like Gecko) Chrome/41.0.2228.0 Safari/537.36"
161.35.125.81 - - [07/Dec/2020:09:52:28 +0000] "POST /wp-load.php?pubkey=f4f6ff0ad91cceac9087b324018e7051&bvTime=1607334740&bvVersion=0.1&bvMethod=getdata&sha1=true&sig=cf0d1ce6507aa68e5ae98bcc80e57e6a896ecd99 HTTP/1.0" 200 1954 "-" "Mozilla/5.0 (Windows NT 6.1) AppleWebKit/537.36 (KHTML, like Gecko) Chrome/41.0.2228.0 Safari/537.36"
127.0.0.1 - - [07/Dec/2020:09:53:59 +0000] "POST /wp-cron.php?doing_wp_cron=1607334839.2584209442138671875000 HTTP/1.0" 200 259 "https://wordpress-514809-1634392.cloudwaysapps.com/wp-cron.php?doing_wp_cron=1607334839.2584209442138671875000" "WordPress/5.4.4; https://wordpress-514809-1634392.cloudwaysapps.com"
91.241.19.84 - - [07/Dec/2020:09:53:59 +0000] "POST /api/jsonws/invoke HTTP/1.0" 404 20840 "-" "Mozilla/5.0 (Windows NT 10.0; Win64; x64) AppleWebKit/537.36 (KHTML, like Gecko) Chrome/78.0.3904.108 Safari/537.36"
91.241.19.84 - - [07/Dec/2020:09:53:59 +0000] "POST /vendor/phpunit/phpunit/src/Util/PHP/eval-stdin.php HTTP/1.0" 404 20840 "-" "Mozilla/5.0 (Windows NT 10.0; Win64; x64) AppleWebKit/537.36 (KHTML, like Gecko) Chrome/78.0.3904.108 Safari/537.36"
91.241.19.84 - - [07/Dec/2020:09:54:03 +0000] "GET /index.php?s=/Index/\\think\\app/invokefunction&function=call_user_func_array&vars[0]=md5&vars[1][]=HelloThinkPHP21 HTTP/1.1" 200 5888 "-" "Mozilla/5.0 (Windows NT 10.0; Win64; x64) AppleWebKit/537.36 (KHTML, like Gecko) Chrome/78.0.3904.108 Safari/537.36"
91.241.19.84 - - [07/Dec/2020:09:54:05 +0000] "GET /vendor/phpunit/phpunit/src/Util/PHP/eval-stdin.php HTTP/1.1" 404 20878 "-" "Mozilla/5.0 (Windows NT 10.0; Win64; x64) AppleWebKit/537.36 (KHTML, like Gecko) Chrome/78.0.3904.108 Safari/537.36"
91.241.19.84 - - [07/Dec/2020:09:54:07 +0000] "GET /?XDEBUG_SESSION_START=phpstorm HTTP/1.1" 200 8388 "-" "Mozilla/5.0 (Windows NT 10.0; Win64; x64) AppleWebKit/537.36 (KHTML, like Gecko) Chrome/78.0.3904.108 Safari/537.36"
91.241.19.84 - - [07/Dec/2020:09:54:09 +0000] "GET /wp-content/plugins/wp-file-manager/readme.txt HTTP/1.1" 404 20878 "-" "Mozilla/5.0 (Windows NT 10.0; Win64; x64) AppleWebKit/537.36 (KHTML, like Gecko) Chrome/78.0.3904.108 Safari/537.36"
91.241.19.84 - - [07/Dec/2020:09:54:11 +0000] "GET /console/ HTTP/1.1" 404 20878 "-" "Mozilla/5.0 (Windows NT 10.0; Win64; x64) AppleWebKit/537.36 (KHTML, like Gecko) Chrome/78.0.3904.108 Safari/537.36"
91.241.19.84 - - [07/Dec/2020:09:54:11 +0000] "POST /Autodiscover/Autodiscover.xml HTTP/1.0" 404 20840 "-" "Mozilla/5.0 (Windows NT 10.0; Win64; x64) AppleWebKit/537.36 (KHTML, like Gecko) Chrome/78.0.3904.108 Safari/537.36"
159.89.236.13 - - [07/Dec/2020:10:07:10 +0000] "POST /wp-load.php?pubkey=f4f6ff0ad91cceac9087b324018e7051&bvTime=1607335624&bvVersion=0.1&bvMethod=getdata&sha1=true&sig=932760c7b349fd1b78300e474f1be9c332b59c6d HTTP/1.0" 200 3429 "-" "Mozilla/5.0 (Windows NT 6.1) AppleWebKit/537.36 (KHTML, like Gecko) Chrome/41.0.2228.0 Safari/537.36"
45.77.97.238 - - [07/Dec/2020:10:22:34 +0000] "POST /wp-load.php?pubkey=f4f6ff0ad91cceac9087b324018e7051&bvTime=1607336549&bvVersion=0.1&bvMethod=getdata&sha1=true&sig=dfa2938de8f9a883670312d87789773f9e5353e9 HTTP/1.0" 200 1978 "-" "Mozilla/5.0 (Windows NT 6.1) AppleWebKit/537.36 (KHTML, like Gecko) Chrome/41.0.2228.0 Safari/537.36"
208.167.242.228 - - [07/Dec/2020:10:37:42 +0000] "POST /wp-load.php?pubkey=f4f6ff0ad91cceac9087b324018e7051&bvTime=1607337458&bvVersion=0.1&bvMethod=getdata&sha1=true&sig=19159e24087bdb6ff059a0761e348f352f6e4615 HTTP/1.0" 200 1953 "-" "Mozilla/5.0 (Windows NT 6.1) AppleWebKit/537.36 (KHTML, like Gecko) Chrome/41.0.2228.0 Safari/537.36"
134.122.117.135 - - [07/Dec/2020:10:52:53 +0000] "POST /wp-load.php?pubkey=f4f6ff0ad91cceac9087b324018e7051&bvTime=1607338366&bvVersion=0.1&bvMethod=getdata&sha1=true&sig=a8bb95d38417cc002d8f26713d1a15c9a695872f HTTP/1.0" 200 1961 "-" "Mozilla/5.0 (Windows NT 6.1) AppleWebKit/537.36 (KHTML, like Gecko) Chrome/41.0.2228.0 Safari/537.36"
45.77.217.4 - - [07/Dec/2020:11:07:41 +0000] "POST /wp-load.php?pubkey=f4f6ff0ad91cceac9087b324018e7051&bvTime=1607339260&bvVersion=0.1&bvMethod=getdata&sha1=true&sig=878704aece4310e1ad0b8509e7b65b044a76c54f HTTP/1.0" 200 1964 "-" "Mozilla/5.0 (Windows NT 6.1) AppleWebKit/537.36 (KHTML, like Gecko) Chrome/41.0.2228.0 Safari/537.36"
45.77.97.238 - - [07/Dec/2020:11:22:21 +0000] "POST /wp-load.php?pubkey=f4f6ff0ad91cceac9087b324018e7051&bvTime=1607340136&bvVersion=0.1&bvMethod=getdata&sha1=true&sig=1ce379728abe5b6faed7bcab9a6845ab92288baa HTTP/1.0" 200 1946 "-" "Mozilla/5.0 (Windows NT 6.1) AppleWebKit/537.36 (KHTML, like Gecko) Chrome/41.0.2228.0 Safari/537.36"
159.89.236.13 - - [07/Dec/2020:11:37:06 +0000] "POST /wp-load.php?pubkey=f4f6ff0ad91cceac9087b324018e7051&bvTime=1607341020&bvVersion=0.1&bvMethod=getdata&sha1=true&sig=2acc6922cc261538ed7c9395f70a4298bfb7b688 HTTP/1.0" 200 1953 "-" "Mozilla/5.0 (Windows NT 6.1) AppleWebKit/537.36 (KHTML, like Gecko) Chrome/41.0.2228.0 Safari/537.36"
161.35.173.199 - - [07/Dec/2020:11:54:05 +0000] "POST /wp-load.php?pubkey=f4f6ff0ad91cceac9087b324018e7051&bvTime=1607342036&bvVersion=0.1&bvMethod=getdata&sha1=true&sig=b0bc38ff947defb8c41abe22a2bb607ab012e6f8 HTTP/1.0" 200 1974 "-" "Mozilla/5.0 (Windows NT 6.1) AppleWebKit/537.36 (KHTML, like Gecko) Chrome/41.0.2228.0 Safari/537.36"
122.116.54.116 - - [07/Dec/2020:12:01:49 +0000] "GET / HTTP/1.1" 200 8262 "-" "Mozilla/5.0"
157.230.90.105 - - [07/Dec/2020:12:09:14 +0000] "POST /wp-load.php?pubkey=f4f6ff0ad91cceac9087b324018e7051&bvTime=1607342953&bvVersion=0.1&bvMethod=getdata&sha1=true&sig=5c145a550a743ec6f55185f5626ee94cd6109923 HTTP/1.0" 200 2065 "-" "Mozilla/5.0 (Windows NT 6.1) AppleWebKit/537.36 (KHTML, like Gecko) Chrome/41.0.2228.0 Safari/537.36"
142.93.192.146 - - [07/Dec/2020:12:23:53 +0000] "POST /wp-load.php?pubkey=f4f6ff0ad91cceac9087b324018e7051&bvTime=1607343829&bvVersion=0.1&bvMethod=getdata&sha1=true&sig=e39a96dda7a8d4fdc9a2402627660522058087f8 HTTP/1.0" 200 1954 "-" "Mozilla/5.0 (Windows NT 6.1) AppleWebKit/537.36 (KHTML, like Gecko) Chrome/41.0.2228.0 Safari/537.36"
161.35.95.45 - - [07/Dec/2020:12:38:30 +0000] "POST /wp-load.php?pubkey=f4f6ff0ad91cceac9087b324018e7051&bvTime=1607344704&bvVersion=0.1&bvMethod=getdata&sha1=true&sig=48aa032a8a9925ceb8a2f8af4f525f2e15099628 HTTP/1.0" 200 1952 "-" "Mozilla/5.0 (Windows NT 6.1) AppleWebKit/537.36 (KHTML, like Gecko) Chrome/41.0.2228.0 Safari/537.36"
143.110.169.222 - - [07/Dec/2020:12:53:14 +0000] "POST /wp-load.php?pubkey=f4f6ff0ad91cceac9087b324018e7051&bvTime=1607345593&bvVersion=0.1&bvMethod=getdata&sha1=true&sig=78ae456356c1df4422de014007478f4686825911 HTTP/1.0" 200 1952 "-" "Mozilla/5.0 (Windows NT 6.1) AppleWebKit/537.36 (KHTML, like Gecko) Chrome/41.0.2228.0 Safari/537.36"
45.63.11.110 - - [07/Dec/2020:13:09:18 +0000] "POST /wp-load.php?pubkey=f4f6ff0ad91cceac9087b324018e7051&bvTime=1607346547&bvVersion=0.1&bvMethod=getdata&sha1=true&sig=fef3afb315bf896c847764f3b2fbcb3269c7895b HTTP/1.0" 200 1960 "-" "Mozilla/5.0 (Windows NT 6.1) AppleWebKit/537.36 (KHTML, like Gecko) Chrome/41.0.2228.0 Safari/537.36"
167.99.10.105 - - [07/Dec/2020:13:25:07 +0000] "POST /wp-load.php?pubkey=f4f6ff0ad91cceac9087b324018e7051&bvTime=1607347500&bvVersion=0.1&bvMethod=getdata&sha1=true&sig=1f6dcdaeaea29f956864ed40d56f29284b4b134c HTTP/1.0" 200 1953 "-" "Mozilla/5.0 (Windows NT 6.1) AppleWebKit/537.36 (KHTML, like Gecko) Chrome/41.0.2228.0 Safari/537.36"
45.63.11.110 - - [07/Dec/2020:13:39:51 +0000] "POST /wp-load.php?pubkey=f4f6ff0ad91cceac9087b324018e7051&bvTime=1607348388&bvVersion=0.1&bvMethod=getdata&sha1=true&sig=62e98febce5b7dc8d3d9b496e11c9b871eb853a9 HTTP/1.0" 200 1973 "-" "Mozilla/5.0 (Windows NT 6.1) AppleWebKit/537.36 (KHTML, like Gecko) Chrome/41.0.2228.0 Safari/537.36"
134.209.217.222 - - [07/Dec/2020:13:54:38 +0000] "POST /wp-load.php?pubkey=f4f6ff0ad91cceac9087b324018e7051&bvTime=1607349276&bvVersion=0.1&bvMethod=getdata&sha1=true&sig=9970b94802a7d1487288735a616d72bb7bff4fcb HTTP/1.0" 200 1954 "-" "Mozilla/5.0 (Windows NT 6.1) AppleWebKit/537.36 (KHTML, like Gecko) Chrome/41.0.2228.0 Safari/537.36"
103.227.118.59 - - [07/Dec/2020:14:09:02 +0000] "GET / HTTP/1.1" 200 8262 "-" "Mozilla/5.0 (Windows NT 6.1; WOW64) AppleWebKit/537.36 (KHTML, like Gecko) Chrome/51.0.2704.103 Safari/537.36"
149.28.34.152 - - [07/Dec/2020:14:09:50 +0000] "POST /wp-load.php?pubkey=f4f6ff0ad91cceac9087b324018e7051&bvTime=1607350182&bvVersion=0.1&bvMethod=getdata&sha1=true&sig=47abcf8d0ec4f1597057f2b3bd9246ce99abef77 HTTP/1.0" 200 2158 "-" "Mozilla/5.0 (Windows NT 6.1) AppleWebKit/537.36 (KHTML, like Gecko) Chrome/41.0.2228.0 Safari/537.36"
161.35.173.199 - - [07/Dec/2020:14:25:15 +0000] "POST /wp-load.php?pubkey=f4f6ff0ad91cceac9087b324018e7051&bvTime=1607351114&bvVersion=0.1&bvMethod=getdata&sha1=true&sig=ca31b41b7acb2b8db4a79788eba1abb849685f01 HTTP/1.0" 200 1976 "-" "Mozilla/5.0 (Windows NT 6.1) AppleWebKit/537.36 (KHTML, like Gecko) Chrome/41.0.2228.0 Safari/537.36"
45.77.217.4 - - [07/Dec/2020:14:41:07 +0000] "POST /wp-load.php?pubkey=f4f6ff0ad91cceac9087b324018e7051&bvTime=1607352063&bvVersion=0.1&bvMethod=getdata&sha1=true&sig=1307feaa126a941290a2cf943c2033edf95a0055 HTTP/1.0" 200 1948 "-" "Mozilla/5.0 (Windows NT 6.1) AppleWebKit/537.36 (KHTML, like Gecko) Chrome/41.0.2228.0 Safari/537.36"
67.205.157.229 - - [07/Dec/2020:14:55:59 +0000] "POST /wp-load.php?pubkey=f4f6ff0ad91cceac9087b324018e7051&bvTime=1607352954&bvVersion=0.1&bvMethod=getdata&sha1=true&sig=5549ba9006f46c76558b5cc7d883935efa386e1b HTTP/1.0" 200 1945 "-" "Mozilla/5.0 (Windows NT 6.1) AppleWebKit/537.36 (KHTML, like Gecko) Chrome/41.0.2228.0 Safari/537.36"
142.93.192.146 - - [07/Dec/2020:15:11:19 +0000] "POST /wp-load.php?pubkey=f4f6ff0ad91cceac9087b324018e7051&bvTime=1607353873&bvVersion=0.1&bvMethod=getdata&sha1=true&sig=ee1b510d23c6508880e74735ad867c51adff47e2 HTTP/1.0" 200 1951 "-" "Mozilla/5.0 (Windows NT 6.1) AppleWebKit/537.36 (KHTML, like Gecko) Chrome/41.0.2228.0 Safari/537.36"
127.0.0.1 - - [07/Dec/2020:15:14:59 +0000] "POST /wp-cron.php?doing_wp_cron=1607354099.1824779510498046875000 HTTP/1.0" 200 259 "http://wordpress-514809-1634392.cloudwaysapps.com/wp-cron.php?doing_wp_cron=1607354099.1824779510498046875000" "WordPress/5.4.4; https://wordpress-514809-1634392.cloudwaysapps.com"
42.236.10.110 - - [07/Dec/2020:15:14:59 +0000] "GET / HTTP/1.1" 200 8392 "http://www.no1cook.com/" "Mozilla/5.0 (Windows NT 6.1; WOW64) AppleWebKit/537.36 (KHTML, like Gecko) Chrome/50.4.2661.102 Safari/537.36; 360Spider"
42.236.50.156 - - [07/Dec/2020:15:14:59 +0000] "GET / HTTP/1.1" 200 8389 "https://www.no1cook.com/" "Mozilla/5.0 (Windows NT 6.1; WOW64) AppleWebKit/537.36 (KHTML, like Gecko) Chrome/50.4.2661.102 Safari/537.36; 360Spider"
161.35.125.81 - - [07/Dec/2020:15:26:00 +0000] "POST /wp-load.php?pubkey=f4f6ff0ad91cceac9087b324018e7051&bvTime=1607354760&bvVersion=0.1&bvMethod=getdata&sha1=true&sig=4f28907d2b92095fe80b560da3e67081baeb25e2 HTTP/1.0" 200 2708 "-" "Mozilla/5.0 (Windows NT 6.1) AppleWebKit/537.36 (KHTML, like Gecko) Chrome/41.0.2228.0 Safari/537.36"
142.93.192.146 - - [07/Dec/2020:15:41:12 +0000] "POST /wp-load.php?pubkey=f4f6ff0ad91cceac9087b324018e7051&bvTime=1607355667&bvVersion=0.1&bvMethod=getdata&sha1=true&sig=178cdfce019783e16f93c7e96df4857e7dbdc8e0 HTTP/1.0" 200 1973 "-" "Mozilla/5.0 (Windows NT 6.1) AppleWebKit/537.36 (KHTML, like Gecko) Chrome/41.0.2228.0 Safari/537.36"
67.205.157.229 - - [07/Dec/2020:15:56:25 +0000] "POST /wp-load.php?pubkey=f4f6ff0ad91cceac9087b324018e7051&bvTime=1607356581&bvVersion=0.1&bvMethod=getdata&sha1=true&sig=271efebd7fa3f6b3e60bfb2eb534b15eb698ef4e HTTP/1.0" 200 1946 "-" "Mozilla/5.0 (Windows NT 6.1) AppleWebKit/537.36 (KHTML, like Gecko) Chrome/41.0.2228.0 Safari/537.36"
45.77.217.4 - - [07/Dec/2020:16:11:09 +0000] "POST /wp-load.php?pubkey=f4f6ff0ad91cceac9087b324018e7051&bvTime=1607357464&bvVersion=0.1&bvMethod=getdata&sha1=true&sig=1bc847fb6c3ae4addf691d08195a657c34c41e80 HTTP/1.0" 200 1953 "-" "Mozilla/5.0 (Windows NT 6.1) AppleWebKit/537.36 (KHTML, like Gecko) Chrome/41.0.2228.0 Safari/537.36"
149.28.34.152 - - [07/Dec/2020:16:26:25 +0000] "POST /wp-load.php?pubkey=f4f6ff0ad91cceac9087b324018e7051&bvTime=1607358384&bvVersion=0.1&bvMethod=getdata&sha1=true&sig=f877ee0ef99332eeba271b4f466dee36c008cb41 HTTP/1.0" 200 1944 "-" "Mozilla/5.0 (Windows NT 6.1) AppleWebKit/537.36 (KHTML, like Gecko) Chrome/41.0.2228.0 Safari/537.36"
45.63.14.190 - - [07/Dec/2020:16:41:09 +0000] "POST /wp-load.php?pubkey=f4f6ff0ad91cceac9087b324018e7051&bvTime=1607359268&bvVersion=0.1&bvMethod=getdata&sha1=true&sig=f1ce31ee31ac60e3b6725562ba7536d6bf2640cc HTTP/1.0" 200 1967 "-" "Mozilla/5.0 (Windows NT 6.1) AppleWebKit/537.36 (KHTML, like Gecko) Chrome/41.0.2228.0 Safari/537.36"
157.230.90.105 - - [07/Dec/2020:16:56:20 +0000] "POST /wp-load.php?pubkey=f4f6ff0ad91cceac9087b324018e7051&bvTime=1607360173&bvVersion=0.1&bvMethod=getdata&sha1=true&sig=d95d8624ab9f82237b0147fbfeacea7c6015e848 HTTP/1.0" 200 1953 "-" "Mozilla/5.0 (Windows NT 6.1) AppleWebKit/537.36 (KHTML, like Gecko) Chrome/41.0.2228.0 Safari/537.36"
149.28.224.205 - - [07/Dec/2020:17:11:12 +0000] "POST /wp-load.php?pubkey=f4f6ff0ad91cceac9087b324018e7051&bvTime=1607361069&bvVersion=0.1&bvMethod=getdata&sha1=true&sig=d8a8382e3eac3e96bfd225f172125a466da601f4 HTTP/1.0" 200 1952 "-" "Mozilla/5.0 (Windows NT 6.1) AppleWebKit/537.36 (KHTML, like Gecko) Chrome/41.0.2228.0 Safari/537.36"
143.110.169.222 - - [07/Dec/2020:17:26:32 +0000] "POST /wp-load.php?pubkey=f4f6ff0ad91cceac9087b324018e7051&bvTime=1607361984&bvVersion=0.1&bvMethod=getdata&sha1=true&sig=6daac81efbc2d1ba3d1d8790a51f09cf259b4796 HTTP/1.0" 200 1952 "-" "Mozilla/5.0 (Windows NT 6.1) AppleWebKit/537.36 (KHTML, like Gecko) Chrome/41.0.2228.0 Safari/537.36"
159.89.236.13 - - [07/Dec/2020:17:41:42 +0000] "POST /wp-load.php?pubkey=f4f6ff0ad91cceac9087b324018e7051&bvTime=1607362899&bvVersion=0.1&bvMethod=getdata&sha1=true&sig=031edd9d84803015c4a7d1fa6e01118cbfe7e042 HTTP/1.0" 200 1960 "-" "Mozilla/5.0 (Windows NT 6.1) AppleWebKit/537.36 (KHTML, like Gecko) Chrome/41.0.2228.0 Safari/537.36"
127.0.0.1 - - [07/Dec/2020:17:48:02 +0000] "POST /wp-cron.php?doing_wp_cron=1607363282.8347570896148681640625 HTTP/1.0" 200 259 "http://wordpress-514809-1634392.cloudwaysapps.com/wp-cron.php?doing_wp_cron=1607363282.8347570896148681640625" "WordPress/5.4.4; https://wordpress-514809-1634392.cloudwaysapps.com"
91.241.19.84 - - [07/Dec/2020:17:48:02 +0000] "GET /solr/admin/info/system?wt=json HTTP/1.1" 404 20876 "-" "Mozilla/5.0 (Windows NT 10.0; Win64; x64) AppleWebKit/537.36 (KHTML, like Gecko) Chrome/78.0.3904.108 Safari/537.36"
91.241.19.84 - - [07/Dec/2020:17:48:02 +0000] "GET /index.php?s=/Index/\\think\\app/invokefunction&function=call_user_func_array&vars[0]=md5&vars[1][]=HelloThinkPHP21 HTTP/1.1" 200 5894 "-" "Mozilla/5.0 (Windows NT 10.0; Win64; x64) AppleWebKit/537.36 (KHTML, like Gecko) Chrome/78.0.3904.108 Safari/537.36"
91.241.19.84 - - [07/Dec/2020:17:48:03 +0000] "GET /?XDEBUG_SESSION_START=phpstorm HTTP/1.1" 200 8262 "-" "Mozilla/5.0 (Windows NT 10.0; Win64; x64) AppleWebKit/537.36 (KHTML, like Gecko) Chrome/78.0.3904.108 Safari/537.36"
91.241.19.84 - - [07/Dec/2020:17:48:03 +0000] "GET /wp-content/plugins/wp-file-manager/readme.txt HTTP/1.1" 404 20876 "-" "Mozilla/5.0 (Windows NT 10.0; Win64; x64) AppleWebKit/537.36 (KHTML, like Gecko) Chrome/78.0.3904.108 Safari/537.36"
91.241.19.84 - - [07/Dec/2020:17:48:03 +0000] "POST /api/jsonws/invoke HTTP/1.0" 404 20833 "-" "Mozilla/5.0 (Windows NT 10.0; Win64; x64) AppleWebKit/537.36 (KHTML, like Gecko) Chrome/78.0.3904.108 Safari/537.36"
91.241.19.84 - - [07/Dec/2020:17:48:04 +0000] "GET /?a=fetch&content=<php>die(@md5(HelloThinkCMF))</php> HTTP/1.1" 200 8262 "-" "Mozilla/5.0 (Windows NT 10.0; Win64; x64) AppleWebKit/537.36 (KHTML, like Gecko) Chrome/78.0.3904.108 Safari/537.36"
91.241.19.84 - - [07/Dec/2020:17:48:04 +0000] "GET /console/ HTTP/1.1" 404 20876 "-" "Mozilla/5.0 (Windows NT 10.0; Win64; x64) AppleWebKit/537.36 (KHTML, like Gecko) Chrome/78.0.3904.108 Safari/537.36"
91.241.19.84 - - [07/Dec/2020:17:48:04 +0000] "POST /Autodiscover/Autodiscover.xml HTTP/1.0" 404 20833 "-" "Mozilla/5.0 (Windows NT 10.0; Win64; x64) AppleWebKit/537.36 (KHTML, like Gecko) Chrome/78.0.3904.108 Safari/537.36"
91.241.19.84 - - [07/Dec/2020:17:48:04 +0000] "POST /vendor/phpunit/phpunit/src/Util/PHP/eval-stdin.php HTTP/1.0" 404 20833 "-" "Mozilla/5.0 (Windows NT 10.0; Win64; x64) AppleWebKit/537.36 (KHTML, like Gecko) Chrome/78.0.3904.108 Safari/537.36"
91.241.19.84 - - [07/Dec/2020:17:48:05 +0000] "GET /vendor/phpunit/phpunit/src/Util/PHP/eval-stdin.php HTTP/1.1" 404 20871 "-" "Mozilla/5.0 (Windows NT 10.0; Win64; x64) AppleWebKit/537.36 (KHTML, like Gecko) Chrome/78.0.3904.108 Safari/537.36"
134.122.108.28 - - [07/Dec/2020:17:56:28 +0000] "POST /wp-load.php?pubkey=f4f6ff0ad91cceac9087b324018e7051&bvTime=1607363785&bvVersion=0.1&bvMethod=getdata&sha1=true&sig=b2541399152ff3603a4ab154e7cbf0835e9e3815 HTTP/1.0" 200 3570 "-" "Mozilla/5.0 (Windows NT 6.1) AppleWebKit/537.36 (KHTML, like Gecko) Chrome/41.0.2228.0 Safari/537.36"
157.230.90.105 - - [07/Dec/2020:18:11:42 +0000] "POST /wp-load.php?pubkey=f4f6ff0ad91cceac9087b324018e7051&bvTime=1607364695&bvVersion=0.1&bvMethod=getdata&sha1=true&sig=cc56efe34dd4268de34f25b4ee45570984837c02 HTTP/1.0" 200 1948 "-" "Mozilla/5.0 (Windows NT 6.1) AppleWebKit/537.36 (KHTML, like Gecko) Chrome/41.0.2228.0 Safari/537.36"
177.36.13.85 - - [07/Dec/2020:18:23:37 +0000] "GET / HTTP/1.1" 200 8262 "-" "Mozilla/5.0 (Macintosh; Intel Mac OS X 10_11_6) AppleWebKit/601.7.7 (KHTML, like Gecko) Version/9.1.2 Safari/601.7.7"
45.63.14.190 - - [07/Dec/2020:18:26:27 +0000] "POST /wp-load.php?pubkey=f4f6ff0ad91cceac9087b324018e7051&bvTime=1607365585&bvVersion=0.1&bvMethod=getdata&sha1=true&sig=221e94b1dc18c08ad64f065e40e92b140f7f7737 HTTP/1.0" 200 2261 "-" "Mozilla/5.0 (Windows NT 6.1) AppleWebKit/537.36 (KHTML, like Gecko) Chrome/41.0.2228.0 Safari/537.36"
207.246.90.100 - - [07/Dec/2020:18:42:17 +0000] "POST /wp-load.php?pubkey=f4f6ff0ad91cceac9087b324018e7051&bvTime=1607366536&bvVersion=0.1&bvMethod=getdata&sha1=true&sig=69a484937ee7e0b4e82a55d54c88a9321f507540 HTTP/1.0" 200 1956 "-" "Mozilla/5.0 (Windows NT 6.1) AppleWebKit/537.36 (KHTML, like Gecko) Chrome/41.0.2228.0 Safari/537.36"
45.77.217.4 - - [07/Dec/2020:18:57:25 +0000] "POST /wp-load.php?pubkey=f4f6ff0ad91cceac9087b324018e7051&bvTime=1607367443&bvVersion=0.1&bvMethod=getdata&sha1=true&sig=99275919f1198d8a5e8c3a57ba485c586367149c HTTP/1.0" 200 1954 "-" "Mozilla/5.0 (Windows NT 6.1) AppleWebKit/537.36 (KHTML, like Gecko) Chrome/41.0.2228.0 Safari/537.36"
45.77.217.4 - - [07/Dec/2020:19:12:42 +0000] "POST /wp-load.php?pubkey=f4f6ff0ad91cceac9087b324018e7051&bvTime=1607368353&bvVersion=0.1&bvMethod=getdata&sha1=true&sig=c7f16c0eff6c19b0f1fa821b7b25a59c79e9c32a HTTP/1.0" 200 1945 "-" "Mozilla/5.0 (Windows NT 6.1) AppleWebKit/537.36 (KHTML, like Gecko) Chrome/41.0.2228.0 Safari/537.36"
45.77.97.238 - - [07/Dec/2020:19:27:53 +0000] "POST /wp-load.php?pubkey=f4f6ff0ad91cceac9087b324018e7051&bvTime=1607369265&bvVersion=0.1&bvMethod=getdata&sha1=true&sig=352d54580f593977a03f30a7a134ea37b4f2239e HTTP/1.0" 200 1944 "-" "Mozilla/5.0 (Windows NT 6.1) AppleWebKit/537.36 (KHTML, like Gecko) Chrome/41.0.2228.0 Safari/537.36"
161.35.5.19 - - [07/Dec/2020:19:38:57 +0000] "GET / HTTP/1.1" 200 8257 "-" "-"
142.93.250.203 - - [07/Dec/2020:19:42:37 +0000] "POST /wp-load.php?pubkey=f4f6ff0ad91cceac9087b324018e7051&bvTime=1607370155&bvVersion=0.1&bvMethod=getdata&sha1=true&sig=577431d8b7f116c8810affba507ce56fd7fc0593 HTTP/1.0" 200 2181 "-" "Mozilla/5.0 (Windows NT 6.1) AppleWebKit/537.36 (KHTML, like Gecko) Chrome/41.0.2228.0 Safari/537.36"
161.35.173.199 - - [07/Dec/2020:19:58:04 +0000] "POST /wp-load.php?pubkey=f4f6ff0ad91cceac9087b324018e7051&bvTime=1607371079&bvVersion=0.1&bvMethod=getdata&sha1=true&sig=5fdee6238b044e2e17134657ed3264c6850953c2 HTTP/1.0" 200 1950 "-" "Mozilla/5.0 (Windows NT 6.1) AppleWebKit/537.36 (KHTML, like Gecko) Chrome/41.0.2228.0 Safari/537.36"
67.205.157.229 - - [07/Dec/2020:20:14:07 +0000] "POST /wp-load.php?pubkey=f4f6ff0ad91cceac9087b324018e7051&bvTime=1607372039&bvVersion=0.1&bvMethod=getdata&sha1=true&sig=908632218080d53d68b133d5b72e400dfcfe6747 HTTP/1.0" 200 1950 "-" "Mozilla/5.0 (Windows NT 6.1) AppleWebKit/537.36 (KHTML, like Gecko) Chrome/41.0.2228.0 Safari/537.36"
134.122.117.135 - - [07/Dec/2020:20:29:17 +0000] "POST /wp-load.php?pubkey=f4f6ff0ad91cceac9087b324018e7051&bvTime=1607372954&bvVersion=0.1&bvMethod=getdata&sha1=true&sig=0d0b5a0b817dcf2cec57a0b0530bc48235d741dd HTTP/1.0" 200 1951 "-" "Mozilla/5.0 (Windows NT 6.1) AppleWebKit/537.36 (KHTML, like Gecko) Chrome/41.0.2228.0 Safari/537.36"
127.0.0.1 - - [07/Dec/2020:20:40:41 +0000] "POST /wp-cron.php?doing_wp_cron=1607373641.3922638893127441406250 HTTP/1.0" 200 259 "http://wordpress-514809-1634392.cloudwaysapps.com/wp-cron.php?doing_wp_cron=1607373641.3922638893127441406250" "WordPress/5.4.4; https://wordpress-514809-1634392.cloudwaysapps.com"
42.227.130.7 - - [07/Dec/2020:20:40:41 +0000] "GET /boaform/admin/formLogin?username=user&psd=user HTTP/1.1" 404 20795 "-" "-"
149.28.34.152 - - [07/Dec/2020:20:44:35 +0000] "POST /wp-load.php?pubkey=f4f6ff0ad91cceac9087b324018e7051&bvTime=1607373867&bvVersion=0.1&bvMethod=getdata&sha1=true&sig=77a1e95190d5585aec80520cc6edc3ddfeb85abb HTTP/1.0" 200 2504 "-" "Mozilla/5.0 (Windows NT 6.1) AppleWebKit/537.36 (KHTML, like Gecko) Chrome/41.0.2228.0 Safari/537.36"
159.89.236.13 - - [07/Dec/2020:20:59:49 +0000] "POST /wp-load.php?pubkey=f4f6ff0ad91cceac9087b324018e7051&bvTime=1607374782&bvVersion=0.1&bvMethod=getdata&sha1=true&sig=486cd25450ee8c86029d0ab077742b62d0b3f851 HTTP/1.0" 200 1979 "-" "Mozilla/5.0 (Windows NT 6.1) AppleWebKit/537.36 (KHTML, like Gecko) Chrome/41.0.2228.0 Safari/537.36"
149.28.224.205 - - [07/Dec/2020:21:15:04 +0000] "POST /wp-load.php?pubkey=f4f6ff0ad91cceac9087b324018e7051&bvTime=1607375700&bvVersion=0.1&bvMethod=getdata&sha1=true&sig=b0e5b21ebbadc251891e40f2ea59095b4fab75ed HTTP/1.0" 200 1973 "-" "Mozilla/5.0 (Windows NT 6.1) AppleWebKit/537.36 (KHTML, like Gecko) Chrome/41.0.2228.0 Safari/537.36"
67.205.157.229 - - [07/Dec/2020:21:31:05 +0000] "POST /wp-load.php?pubkey=f4f6ff0ad91cceac9087b324018e7051&bvTime=1607376656&bvVersion=0.1&bvMethod=getdata&sha1=true&sig=e76388db7fc01277b87bf9037efb13a6228c956e HTTP/1.0" 200 1949 "-" "Mozilla/5.0 (Windows NT 6.1) AppleWebKit/537.36 (KHTML, like Gecko) Chrome/41.0.2228.0 Safari/537.36"
208.167.239.133 - - [07/Dec/2020:21:46:11 +0000] "POST /wp-load.php?pubkey=f4f6ff0ad91cceac9087b324018e7051&bvTime=1607377568&bvVersion=0.1&bvMethod=getdata&sha1=true&sig=602df06ec102af507e96d2cfb41565b69707b862 HTTP/1.0" 200 1951 "-" "Mozilla/5.0 (Windows NT 6.1) AppleWebKit/537.36 (KHTML, like Gecko) Chrome/41.0.2228.0 Safari/537.36"
104.248.120.110 - - [07/Dec/2020:22:00:48 +0000] "POST /wp-load.php?pubkey=f4f6ff0ad91cceac9087b324018e7051&bvTime=1607378444&bvVersion=0.1&bvMethod=getdata&sha1=true&sig=df4e919a3b2f8751dbf7899fbfa7bbc90c7b8ceb HTTP/1.0" 200 1963 "-" "Mozilla/5.0 (Windows NT 6.1) AppleWebKit/537.36 (KHTML, like Gecko) Chrome/41.0.2228.0 Safari/537.36"
45.77.97.238 - - [07/Dec/2020:22:16:06 +0000] "POST /wp-load.php?pubkey=f4f6ff0ad91cceac9087b324018e7051&bvTime=1607379358&bvVersion=0.1&bvMethod=getdata&sha1=true&sig=c3a445a7144fcbbf8ad531d9d7e67af6ee158be7 HTTP/1.0" 200 1962 "-" "Mozilla/5.0 (Windows NT 6.1) AppleWebKit/537.36 (KHTML, like Gecko) Chrome/41.0.2228.0 Safari/537.36"
14.200.197.130 - - [07/Dec/2020:22:27:14 +0000] "GET / HTTP/1.1" 200 8262 "-" "Mozilla/5.0 (Windows NT 10.0; WOW64) AppleWebKit/537.36 (KHTML, like Gecko) Chrome/52.0.2743.116 Safari/537.36"
149.28.224.205 - - [07/Dec/2020:22:31:17 +0000] "POST /wp-load.php?pubkey=f4f6ff0ad91cceac9087b324018e7051&bvTime=1607380269&bvVersion=0.1&bvMethod=getdata&sha1=true&sig=c45a5d8dea96da63961a45175f3bbb17f94cb0bf HTTP/1.0" 200 2232 "-" "Mozilla/5.0 (Windows NT 6.1) AppleWebKit/537.36 (KHTML, like Gecko) Chrome/41.0.2228.0 Safari/537.36"
149.28.224.205 - - [07/Dec/2020:22:46:06 +0000] "POST /wp-load.php?pubkey=f4f6ff0ad91cceac9087b324018e7051&bvTime=1607381165&bvVersion=0.1&bvMethod=getdata&sha1=true&sig=593253eaf9916dffd4a5e1fb446872973cce5030 HTTP/1.0" 200 1955 "-" "Mozilla/5.0 (Windows NT 6.1) AppleWebKit/537.36 (KHTML, like Gecko) Chrome/41.0.2228.0 Safari/537.36"
142.93.192.146 - - [07/Dec/2020:23:01:48 +0000] "POST /wp-load.php?pubkey=f4f6ff0ad91cceac9087b324018e7051&bvTime=1607382100&bvVersion=0.1&bvMethod=getdata&sha1=true&sig=11b804a799b0b296149c22e218838d061bb4fbf7 HTTP/1.0" 200 1953 "-" "Mozilla/5.0 (Windows NT 6.1) AppleWebKit/537.36 (KHTML, like Gecko) Chrome/41.0.2228.0 Safari/537.36"
127.0.0.1 - - [07/Dec/2020:23:07:15 +0000] "POST /wp-cron.php?doing_wp_cron=1607382435.6922740936279296875000 HTTP/1.0" 200 259 "https://wordpress-514809-1634392.cloudwaysapps.com/wp-cron.php?doing_wp_cron=1607382435.6922740936279296875000" "WordPress/5.4.4; https://wordpress-514809-1634392.cloudwaysapps.com"
91.241.19.84 - - [07/Dec/2020:23:07:15 +0000] "POST /api/jsonws/invoke HTTP/1.0" 404 20840 "-" "Mozilla/5.0 (Windows NT 10.0; Win64; x64) AppleWebKit/537.36 (KHTML, like Gecko) Chrome/78.0.3904.108 Safari/537.36"
91.241.19.84 - - [07/Dec/2020:23:07:15 +0000] "POST /vendor/phpunit/phpunit/src/Util/PHP/eval-stdin.php HTTP/1.0" 404 20840 "-" "Mozilla/5.0 (Windows NT 10.0; Win64; x64) AppleWebKit/537.36 (KHTML, like Gecko) Chrome/78.0.3904.108 Safari/537.36"
127.0.0.1 - - [07/Dec/2020:23:07:15 +0000] "GET /index.php/wp-json/wp/v2/types/post?context=edit HTTP/1.0" 401 621 "https://wordpress-514809-1634392.cloudwaysapps.com/index.php/wp-json/wp/v2/types/post?context=edit" "WordPress/5.4.4; https://wordpress-514809-1634392.cloudwaysapps.com"
127.0.0.1 - - [07/Dec/2020:23:07:15 +0000] "POST /wp-admin/admin-ajax.php HTTP/1.0" 400 385 "https://wordpress-514809-1634392.cloudwaysapps.com/wp-admin/admin-ajax.php" "WordPress/5.4.4; https://wordpress-514809-1634392.cloudwaysapps.com"
127.0.0.1 - - [07/Dec/2020:23:07:15 +0000] "POST /wp-admin/admin-ajax.php HTTP/1.0" 400 385 "https://wordpress-514809-1634392.cloudwaysapps.com/wp-admin/admin-ajax.php" "WordPress/5.4.4; https://wordpress-514809-1634392.cloudwaysapps.com"
127.0.0.1 - - [07/Dec/2020:23:07:15 +0000] "POST /wp-admin/admin-ajax.php HTTP/1.0" 400 385 "https://wordpress-514809-1634392.cloudwaysapps.com/wp-admin/admin-ajax.php" "WordPress/5.4.4; https://wordpress-514809-1634392.cloudwaysapps.com"
91.241.19.84 - - [07/Dec/2020:23:07:16 +0000] "GET /vendor/phpunit/phpunit/src/Util/PHP/eval-stdin.php HTTP/1.1" 404 20878 "-" "Mozilla/5.0 (Windows NT 10.0; Win64; x64) AppleWebKit/537.36 (KHTML, like Gecko) Chrome/78.0.3904.108 Safari/537.36"
91.241.19.84 - - [07/Dec/2020:23:07:16 +0000] "GET /index.php?s=/Index/\\think\\app/invokefunction&function=call_user_func_array&vars[0]=md5&vars[1][]=HelloThinkPHP21 HTTP/1.1" 200 5888 "-" "Mozilla/5.0 (Windows NT 10.0; Win64; x64) AppleWebKit/537.36 (KHTML, like Gecko) Chrome/78.0.3904.108 Safari/537.36"
91.241.19.84 - - [07/Dec/2020:23:07:16 +0000] "GET /?XDEBUG_SESSION_START=phpstorm HTTP/1.1" 200 8258 "-" "Mozilla/5.0 (Windows NT 10.0; Win64; x64) AppleWebKit/537.36 (KHTML, like Gecko) Chrome/78.0.3904.108 Safari/537.36"
91.241.19.84 - - [07/Dec/2020:23:07:17 +0000] "GET /console/ HTTP/1.1" 404 20878 "-" "Mozilla/5.0 (Windows NT 10.0; Win64; x64) AppleWebKit/537.36 (KHTML, like Gecko) Chrome/78.0.3904.108 Safari/537.36"
91.241.19.84 - - [07/Dec/2020:23:07:17 +0000] "POST /Autodiscover/Autodiscover.xml HTTP/1.0" 404 20840 "-" "Mozilla/5.0 (Windows NT 10.0; Win64; x64) AppleWebKit/537.36 (KHTML, like Gecko) Chrome/78.0.3904.108 Safari/537.36"
91.241.19.84 - - [07/Dec/2020:23:07:18 +0000] "GET /wp-content/plugins/wp-file-manager/readme.txt HTTP/1.1" 404 20878 "-" "Mozilla/5.0 (Windows NT 10.0; Win64; x64) AppleWebKit/537.36 (KHTML, like Gecko) Chrome/78.0.3904.108 Safari/537.36"
208.167.242.228 - - [07/Dec/2020:23:16:59 +0000] "POST /wp-load.php?pubkey=f4f6ff0ad91cceac9087b324018e7051&bvTime=1607383012&bvVersion=0.1&bvMethod=getdata&sha1=true&sig=605692429a1703a9d4e75621722e7292dddf74a9 HTTP/1.0" 200 3882 "-" "Mozilla/5.0 (Windows NT 6.1) AppleWebKit/537.36 (KHTML, like Gecko) Chrome/41.0.2228.0 Safari/537.36"
45.63.14.190 - - [07/Dec/2020:23:31:34 +0000] "POST /wp-load.php?pubkey=f4f6ff0ad91cceac9087b324018e7051&bvTime=1607383892&bvVersion=0.1&bvMethod=getdata&sha1=true&sig=9cfb3d3d947133ee70ad45e35a80c796ea6cc6ad HTTP/1.0" 200 1959 "-" "Mozilla/5.0 (Windows NT 6.1) AppleWebKit/537.36 (KHTML, like Gecko) Chrome/41.0.2228.0 Safari/537.36"
142.93.250.203 - - [07/Dec/2020:23:46:07 +0000] "POST /wp-load.php?pubkey=f4f6ff0ad91cceac9087b324018e7051&bvTime=1607384767&bvVersion=0.1&bvMethod=getdata&sha1=true&sig=792d7803aab116d361a9b557bd978b868f76a6d3 HTTP/1.0" 200 1955 "-" "Mozilla/5.0 (Windows NT 6.1) AppleWebKit/537.36 (KHTML, like Gecko) Chrome/41.0.2228.0 Safari/537.36"
208.167.239.133 - - [08/Dec/2020:00:00:43 +0000] "POST /wp-load.php?pubkey=f4f6ff0ad91cceac9087b324018e7051&bvTime=1607385642&bvVersion=0.1&bvMethod=getdata&sha1=true&sig=dd5c56a8241804f9a72a1d01b197fba3c01689c0 HTTP/1.0" 200 1951 "-" "Mozilla/5.0 (Windows NT 6.1) AppleWebKit/537.36 (KHTML, like Gecko) Chrome/41.0.2228.0 Safari/537.36"
127.0.0.1 - - [08/Dec/2020:00:15:50 +0000] "POST /wp-cron.php?doing_wp_cron=1607386550.0491230487823486328125 HTTP/1.0" 200 259 "http://wordpress-514809-1634392.cloudwaysapps.com/wp-cron.php?doing_wp_cron=1607386550.0491230487823486328125" "WordPress/5.4.4; https://wordpress-514809-1634392.cloudwaysapps.com"
2.57.122.186 - - [08/Dec/2020:00:15:50 +0000] "GET /config/getuser?index=0 HTTP/1.1" 404 20876 "-" "Mozilla/5.0 (X11; Ubuntu; Linux x86_64; rv:76.0) Gecko/20100101 Firefox/76.0"
208.167.242.228 - - [08/Dec/2020:00:15:55 +0000] "POST /wp-load.php?pubkey=f4f6ff0ad91cceac9087b324018e7051&bvTime=1607386551&bvVersion=0.1&bvMethod=getdata&sha1=true&sig=db9668c3d8a2e0bd4508cf41a85a29d1e9b1d280 HTTP/1.0" 200 2474 "-" "Mozilla/5.0 (Windows NT 6.1) AppleWebKit/537.36 (KHTML, like Gecko) Chrome/41.0.2228.0 Safari/537.36"
